ARM GAS  C:\Users\SOHUMD~1\AppData\Local\Temp\cc6IKFOm.s 			page 1


   1              		.cpu cortex-m4
   2              		.arch armv7e-m
   3              		.fpu fpv4-sp-d16
   4              		.eabi_attribute 27, 1
   5              		.eabi_attribute 28, 1
   6              		.eabi_attribute 20, 1
   7              		.eabi_attribute 21, 1
   8              		.eabi_attribute 23, 3
   9              		.eabi_attribute 24, 1
  10              		.eabi_attribute 25, 1
  11              		.eabi_attribute 26, 1
  12              		.eabi_attribute 30, 1
  13              		.eabi_attribute 34, 1
  14              		.eabi_attribute 18, 4
  15              		.file	"bmp280.c"
  16              		.text
  17              	.Ltext0:
  18              		.cfi_sections	.debug_frame
  19              		.section	.text.BMP280_CONFIG,"ax",%progbits
  20              		.align	1
  21              		.global	BMP280_CONFIG
  22              		.syntax unified
  23              		.thumb
  24              		.thumb_func
  26              	BMP280_CONFIG:
  27              	.LVL0:
  28              	.LFB138:
  29              		.file 1 "Core/Src/bmp280.c"
   1:Core/Src/bmp280.c **** /*
   2:Core/Src/bmp280.c **** This is where the code for interfacing with the BMP280 barometer.
   3:Core/Src/bmp280.c **** Functions contained:
   4:Core/Src/bmp280.c ****     - BMP280_READ_PRESSURE()
   5:Core/Src/bmp280.c ****     - BMP280_READ_TEMPERATURE()
   6:Core/Src/bmp280.c ****     - BMP280_READ(uint8_t read_addr)
   7:Core/Src/bmp280.c ****     - BMP280_WRITE(uint8_t write_addr, uint8_t write_val)
   8:Core/Src/bmp280.c ****     - BMP280_Config(uint8_t config_byte)
   9:Core/Src/bmp280.c **** 
  10:Core/Src/bmp280.c **** Also contains functions to parse the pressure and temp data
  11:Core/Src/bmp280.c ****     - BMP280_PARSE_TEMPERATURE(uint8_t raw_temperature)
  12:Core/Src/bmp280.c ****     - BMP280_PARSE_PRESSURE(uint8_t raw_pressure)
  13:Core/Src/bmp280.c **** 
  14:Core/Src/bmp280.c **** Most of the interfacing with this module is either config or reading from registers.
  15:Core/Src/bmp280.c **** 
  16:Core/Src/bmp280.c **** Note: The HAL SPI functions have bus guards in place already, so we don't need to implement them ou
  17:Core/Src/bmp280.c **** */
  18:Core/Src/bmp280.c **** #include <stdio.h>
  19:Core/Src/bmp280.c **** #include <stdlib.h>
  20:Core/Src/bmp280.c **** #include "stm32f4xx_hal.h"
  21:Core/Src/bmp280.c **** #include "bmp280.h"
  22:Core/Src/bmp280.c **** 
  23:Core/Src/bmp280.c **** /*
  24:Core/Src/bmp280.c **** Task for the BMP280, makes the main.c file look a lot cleaner
  25:Core/Src/bmp280.c **** */
  26:Core/Src/bmp280.c **** uint16_t BMP280_TASK(SPI_HandleTypeDef* spi_handle, int bmp280_config_mode, int* spi_done_flag, uin
  27:Core/Src/bmp280.c **** {
  28:Core/Src/bmp280.c ****     uint16_t code_var;
  29:Core/Src/bmp280.c ****     if(bmp280_config_mode)
ARM GAS  C:\Users\SOHUMD~1\AppData\Local\Temp\cc6IKFOm.s 			page 2


  30:Core/Src/bmp280.c **** 	{
  31:Core/Src/bmp280.c ****         struct bmp280_config bmp280_comfig_params;
  32:Core/Src/bmp280.c ****         bmp280_comfig_params.t_standby = _62_5_ms;
  33:Core/Src/bmp280.c ****         bmp280_comfig_params.temperature_oversampling = SKIP_MEASURMENT;
  34:Core/Src/bmp280.c ****         bmp280_comfig_params.spi3w_enable = no;
  35:Core/Src/bmp280.c ****         bmp280_comfig_params.pressure_oversampling = ULTRA_HIGH_RESOLUTION;
  36:Core/Src/bmp280.c ****         bmp280_comfig_params.power_setting = NORMAL;
  37:Core/Src/bmp280.c ****         bmp280_comfig_params.filter_coeff = FILTER_OFF;
  38:Core/Src/bmp280.c ****         code_var = BMP280_CONFIG(bmp280_comfig_params, spi_handle, spi_done_flag, BMP280_TX_Buffer,
  39:Core/Src/bmp280.c ****         }
  40:Core/Src/bmp280.c ****         else
  41:Core/Src/bmp280.c ****         {
  42:Core/Src/bmp280.c ****         /* Call the BMP280_READ function */
  43:Core/Src/bmp280.c ****         code_var = BMP280_READ(spi_handle, spi_done_flag, BMP280_TX_Buffer, BMP280_RX_Buffer, BMP28
  44:Core/Src/bmp280.c **** 	    }
  45:Core/Src/bmp280.c ****     return code_var;
  46:Core/Src/bmp280.c **** }
  47:Core/Src/bmp280.c **** 
  48:Core/Src/bmp280.c **** 
  49:Core/Src/bmp280.c **** 
  50:Core/Src/bmp280.c **** /*
  51:Core/Src/bmp280.c **** This will configure the BMP280 registers over SPI.
  52:Core/Src/bmp280.c **** Configure the ctrl_meas(addr 0xF4) and config(addr 0xF5) with the appropriate settings.
  53:Core/Src/bmp280.c **** ctrl_meas - 0xF4 params:
  54:Core/Src/bmp280.c ****     osrs_t[2:0] -> Oversampling setting for temperature
  55:Core/Src/bmp280.c ****     osrs_p[2:0] -> Oversampling setting for pressure
  56:Core/Src/bmp280.c ****     mode[1:0] -> Power setting
  57:Core/Src/bmp280.c **** config - 0xF5 params:
  58:Core/Src/bmp280.c ****     t_sb[2:0] -> Standby time setting. This will control the time between pressure readings.
  59:Core/Src/bmp280.c ****     filter[2:0] -> IIR filter settings
  60:Core/Src/bmp280.c ****     spi3w_en -> bit that enables 3 wire spi mode
  61:Core/Src/bmp280.c **** Codes for different function outputs:
  62:Core/Src/bmp280.c **** 
  63:Core/Src/bmp280.c **** */
  64:Core/Src/bmp280.c **** uint16_t BMP280_CONFIG(struct bmp280_config bmp280_config_params, SPI_HandleTypeDef* spi_handle, in
  65:Core/Src/bmp280.c **** {
  30              		.loc 1 65 1 view -0
  31              		.cfi_startproc
  32              		@ args = 12, pretend = 0, frame = 8
  33              		@ frame_needed = 0, uses_anonymous_args = 0
  34              		.loc 1 65 1 is_stmt 0 view .LVU1
  35 0000 70B5     		push	{r4, r5, r6, lr}
  36              	.LCFI0:
  37              		.cfi_def_cfa_offset 16
  38              		.cfi_offset 4, -16
  39              		.cfi_offset 5, -12
  40              		.cfi_offset 6, -8
  41              		.cfi_offset 14, -4
  42 0002 82B0     		sub	sp, sp, #8
  43              	.LCFI1:
  44              		.cfi_def_cfa_offset 24
  45 0004 02AC     		add	r4, sp, #8
  46 0006 04E90300 		stmdb	r4, {r0, r1}
  47 000a 1546     		mov	r5, r2
  48 000c 1E46     		mov	r6, r3
  49 000e 069C     		ldr	r4, [sp, #24]
  66:Core/Src/bmp280.c ****     /*
ARM GAS  C:\Users\SOHUMD~1\AppData\Local\Temp\cc6IKFOm.s 			page 3


  67:Core/Src/bmp280.c ****     Set up the bits in the ctrl_meas register
  68:Core/Src/bmp280.c ****     */
  69:Core/Src/bmp280.c ****    uint8_t ctrl_meas = 0b00000000;
  50              		.loc 1 69 4 is_stmt 1 view .LVU2
  51              	.LVL1:
  70:Core/Src/bmp280.c **** 
  71:Core/Src/bmp280.c ****    switch (bmp280_config_params.pressure_oversampling)
  52              		.loc 1 71 4 view .LVU3
  53              		.loc 1 71 32 is_stmt 0 view .LVU4
  54 0010 9DF80010 		ldrb	r1, [sp]	@ zero_extendqisi2
  55              		.loc 1 71 4 view .LVU5
  56 0014 0139     		subs	r1, r1, #1
  57 0016 0429     		cmp	r1, #4
  58 0018 04D8     		bhi	.L2
  59 001a DFE801F0 		tbb	[pc, r1]
  60              	.LVL2:
  61              	.L4:
  62 001e 0D       		.byte	(.L35-.L4)/2
  63 001f 05       		.byte	(.L7-.L4)/2
  64 0020 07       		.byte	(.L6-.L4)/2
  65 0021 09       		.byte	(.L5-.L4)/2
  66 0022 0B       		.byte	(.L3-.L4)/2
  67 0023 00       		.p2align 1
  68              	.L2:
  69              		.loc 1 71 4 view .LVU6
  70 0024 0023     		movs	r3, #0
  71 0026 08E0     		b	.L8
  72              	.L7:
  72:Core/Src/bmp280.c ****    {
  73:Core/Src/bmp280.c ****     case SKIP_MEASURMENT:
  74:Core/Src/bmp280.c ****         ctrl_meas |= (0b000 << 2);
  75:Core/Src/bmp280.c ****         break;
  76:Core/Src/bmp280.c ****     case ULTRA_LOW_POWER:
  77:Core/Src/bmp280.c ****         ctrl_meas |= (0b001 << 2);
  78:Core/Src/bmp280.c ****         break;
  79:Core/Src/bmp280.c ****     case LOW_POWER:
  80:Core/Src/bmp280.c ****         ctrl_meas |= (0b010 << 2);
  73              		.loc 1 80 9 is_stmt 1 view .LVU7
  74              	.LVL3:
  81:Core/Src/bmp280.c ****         break;
  75              		.loc 1 81 9 view .LVU8
  80:Core/Src/bmp280.c ****         break;
  76              		.loc 1 80 19 is_stmt 0 view .LVU9
  77 0028 0823     		movs	r3, #8
  78              		.loc 1 81 9 view .LVU10
  79 002a 06E0     		b	.L8
  80              	.LVL4:
  81              	.L6:
  82:Core/Src/bmp280.c ****     case STANDARD_RESOLUTION:
  83:Core/Src/bmp280.c ****         ctrl_meas |= (0b011 << 2);
  82              		.loc 1 83 9 is_stmt 1 view .LVU11
  84:Core/Src/bmp280.c ****         break;
  83              		.loc 1 84 9 view .LVU12
  83:Core/Src/bmp280.c ****         break;
  84              		.loc 1 83 19 is_stmt 0 view .LVU13
  85 002c 0C23     		movs	r3, #12
  86              		.loc 1 84 9 view .LVU14
ARM GAS  C:\Users\SOHUMD~1\AppData\Local\Temp\cc6IKFOm.s 			page 4


  87 002e 04E0     		b	.L8
  88              	.LVL5:
  89              	.L5:
  85:Core/Src/bmp280.c ****     case HIGH_RESOLUTION:
  86:Core/Src/bmp280.c ****         ctrl_meas |= (0b100 << 2);
  90              		.loc 1 86 9 is_stmt 1 view .LVU15
  87:Core/Src/bmp280.c ****         break;
  91              		.loc 1 87 9 view .LVU16
  86:Core/Src/bmp280.c ****         break;
  92              		.loc 1 86 19 is_stmt 0 view .LVU17
  93 0030 1023     		movs	r3, #16
  94              		.loc 1 87 9 view .LVU18
  95 0032 02E0     		b	.L8
  96              	.LVL6:
  97              	.L3:
  88:Core/Src/bmp280.c ****     case ULTRA_HIGH_RESOLUTION:
  89:Core/Src/bmp280.c ****         ctrl_meas |= (0b101 << 2);
  98              		.loc 1 89 9 is_stmt 1 view .LVU19
  90:Core/Src/bmp280.c ****         break;
  99              		.loc 1 90 9 view .LVU20
  89:Core/Src/bmp280.c ****         break;
 100              		.loc 1 89 19 is_stmt 0 view .LVU21
 101 0034 1423     		movs	r3, #20
 102              		.loc 1 90 9 view .LVU22
 103 0036 00E0     		b	.L8
 104              	.LVL7:
 105              	.L35:
  77:Core/Src/bmp280.c ****         break;
 106              		.loc 1 77 19 view .LVU23
 107 0038 0423     		movs	r3, #4
 108              	.LVL8:
 109              	.L8:
  91:Core/Src/bmp280.c ****     default:
  92:Core/Src/bmp280.c ****         break;
  93:Core/Src/bmp280.c ****    }
  94:Core/Src/bmp280.c **** 
  95:Core/Src/bmp280.c ****    switch (bmp280_config_params.temperature_oversampling)
 110              		.loc 1 95 4 is_stmt 1 view .LVU24
 111              		.loc 1 95 32 is_stmt 0 view .LVU25
 112 003a 9DF80110 		ldrb	r1, [sp, #1]	@ zero_extendqisi2
 113              		.loc 1 95 4 view .LVU26
 114 003e 0139     		subs	r1, r1, #1
 115 0040 0429     		cmp	r1, #4
 116 0042 06D8     		bhi	.L9
 117 0044 DFE801F0 		tbb	[pc, r1]
 118              	.LVL9:
 119              	.L11:
 120 0048 03       		.byte	(.L15-.L11)/2
 121 0049 16       		.byte	(.L14-.L11)/2
 122 004a 19       		.byte	(.L13-.L11)/2
 123 004b 1C       		.byte	(.L12-.L11)/2
 124 004c 1F       		.byte	(.L10-.L11)/2
 125 004d 00       		.p2align 1
 126              	.L15:
  96:Core/Src/bmp280.c ****    {
  97:Core/Src/bmp280.c ****     case SKIP_MEASURMENT:
  98:Core/Src/bmp280.c ****             ctrl_meas |= (0b000 << 5);
ARM GAS  C:\Users\SOHUMD~1\AppData\Local\Temp\cc6IKFOm.s 			page 5


  99:Core/Src/bmp280.c ****             break;
 100:Core/Src/bmp280.c ****         case ULTRA_LOW_POWER:
 101:Core/Src/bmp280.c ****             ctrl_meas |= (0b001 << 5);
 127              		.loc 1 101 13 is_stmt 1 view .LVU27
 128              		.loc 1 101 23 is_stmt 0 view .LVU28
 129 004e 43F02003 		orr	r3, r3, #32
 130              	.LVL10:
 102:Core/Src/bmp280.c ****             break;
 131              		.loc 1 102 13 is_stmt 1 view .LVU29
 132              	.L9:
 103:Core/Src/bmp280.c ****         case LOW_POWER:
 104:Core/Src/bmp280.c ****             ctrl_meas |= (0b010 << 5);
 105:Core/Src/bmp280.c ****             break;
 106:Core/Src/bmp280.c ****         case STANDARD_RESOLUTION:
 107:Core/Src/bmp280.c ****             ctrl_meas |= (0b011 << 5);
 108:Core/Src/bmp280.c ****             break;
 109:Core/Src/bmp280.c ****         case HIGH_RESOLUTION:
 110:Core/Src/bmp280.c ****             ctrl_meas |= (0b100 << 5);
 111:Core/Src/bmp280.c ****             break;
 112:Core/Src/bmp280.c ****         case ULTRA_HIGH_RESOLUTION:
 113:Core/Src/bmp280.c ****             ctrl_meas |= (0b101 << 5);
 114:Core/Src/bmp280.c ****             break;
 115:Core/Src/bmp280.c ****         default:
 116:Core/Src/bmp280.c ****             break;
 117:Core/Src/bmp280.c ****    }
 118:Core/Src/bmp280.c **** 
 119:Core/Src/bmp280.c ****    switch (bmp280_config_params.power_setting)
 133              		.loc 1 119 4 view .LVU30
 134              		.loc 1 119 32 is_stmt 0 view .LVU31
 135 0052 9DF80220 		ldrb	r2, [sp, #2]	@ zero_extendqisi2
 136              		.loc 1 119 4 view .LVU32
 137 0056 012A     		cmp	r2, #1
 138 0058 18D0     		beq	.L16
 139              		.loc 1 119 4 view .LVU33
 140 005a 022A     		cmp	r2, #2
 141 005c 19D0     		beq	.L17
 142              	.L18:
 120:Core/Src/bmp280.c ****    {
 121:Core/Src/bmp280.c ****     case SLEEP:
 122:Core/Src/bmp280.c ****         ctrl_meas |= (0b00 << 0);
 123:Core/Src/bmp280.c ****         break;
 124:Core/Src/bmp280.c ****     case FORCED:
 125:Core/Src/bmp280.c ****         ctrl_meas |= (0b01 << 0);
 126:Core/Src/bmp280.c ****         break;
 127:Core/Src/bmp280.c ****     case NORMAL:
 128:Core/Src/bmp280.c ****         ctrl_meas |= (0b11 << 0);
 129:Core/Src/bmp280.c ****         break;
 130:Core/Src/bmp280.c ****     default:
 131:Core/Src/bmp280.c ****         break;
 132:Core/Src/bmp280.c ****    }
 133:Core/Src/bmp280.c **** 
 134:Core/Src/bmp280.c ****     /*
 135:Core/Src/bmp280.c ****     Set up the bits in the config register
 136:Core/Src/bmp280.c ****     */
 137:Core/Src/bmp280.c ****     uint8_t config = 0b00000000;
 143              		.loc 1 137 5 is_stmt 1 view .LVU34
 144              	.LVL11:
ARM GAS  C:\Users\SOHUMD~1\AppData\Local\Temp\cc6IKFOm.s 			page 6


 138:Core/Src/bmp280.c **** 
 139:Core/Src/bmp280.c ****     switch (bmp280_config_params.t_standby)
 145              		.loc 1 139 5 view .LVU35
 146              		.loc 1 139 33 is_stmt 0 view .LVU36
 147 005e 9DF80310 		ldrb	r1, [sp, #3]	@ zero_extendqisi2
 148              		.loc 1 139 5 view .LVU37
 149 0062 0139     		subs	r1, r1, #1
 150 0064 0629     		cmp	r1, #6
 151 0066 17D8     		bhi	.L19
 152 0068 DFE801F0 		tbb	[pc, r1]
 153              	.L21:
 154 006c 24       		.byte	(.L36-.L21)/2
 155 006d 18       		.byte	(.L26-.L21)/2
 156 006e 1A       		.byte	(.L25-.L21)/2
 157 006f 1C       		.byte	(.L24-.L21)/2
 158 0070 1E       		.byte	(.L23-.L21)/2
 159 0071 20       		.byte	(.L22-.L21)/2
 160 0072 22       		.byte	(.L20-.L21)/2
 161              	.LVL12:
 162 0073 00       		.p2align 1
 163              	.L14:
 104:Core/Src/bmp280.c ****             break;
 164              		.loc 1 104 13 is_stmt 1 view .LVU38
 104:Core/Src/bmp280.c ****             break;
 165              		.loc 1 104 23 is_stmt 0 view .LVU39
 166 0074 43F04003 		orr	r3, r3, #64
 167              	.LVL13:
 105:Core/Src/bmp280.c ****         case STANDARD_RESOLUTION:
 168              		.loc 1 105 13 is_stmt 1 view .LVU40
 169 0078 EBE7     		b	.L9
 170              	.L13:
 107:Core/Src/bmp280.c ****             break;
 171              		.loc 1 107 13 view .LVU41
 107:Core/Src/bmp280.c ****             break;
 172              		.loc 1 107 23 is_stmt 0 view .LVU42
 173 007a 43F06003 		orr	r3, r3, #96
 174              	.LVL14:
 108:Core/Src/bmp280.c ****         case HIGH_RESOLUTION:
 175              		.loc 1 108 13 is_stmt 1 view .LVU43
 176 007e E8E7     		b	.L9
 177              	.L12:
 110:Core/Src/bmp280.c ****             break;
 178              		.loc 1 110 13 view .LVU44
 110:Core/Src/bmp280.c ****             break;
 179              		.loc 1 110 23 is_stmt 0 view .LVU45
 180 0080 43F08003 		orr	r3, r3, #128
 181              	.LVL15:
 111:Core/Src/bmp280.c ****         case ULTRA_HIGH_RESOLUTION:
 182              		.loc 1 111 13 is_stmt 1 view .LVU46
 183 0084 E5E7     		b	.L9
 184              	.L10:
 113:Core/Src/bmp280.c ****             break;
 185              		.loc 1 113 13 view .LVU47
 113:Core/Src/bmp280.c ****             break;
 186              		.loc 1 113 23 is_stmt 0 view .LVU48
 187 0086 43F0A003 		orr	r3, r3, #160
 188              	.LVL16:
ARM GAS  C:\Users\SOHUMD~1\AppData\Local\Temp\cc6IKFOm.s 			page 7


 114:Core/Src/bmp280.c ****         default:
 189              		.loc 1 114 13 is_stmt 1 view .LVU49
 190 008a E2E7     		b	.L9
 191              	.L16:
 125:Core/Src/bmp280.c ****         break;
 192              		.loc 1 125 9 view .LVU50
 125:Core/Src/bmp280.c ****         break;
 193              		.loc 1 125 19 is_stmt 0 view .LVU51
 194 008c 43F00103 		orr	r3, r3, #1
 195              	.LVL17:
 126:Core/Src/bmp280.c ****     case NORMAL:
 196              		.loc 1 126 9 is_stmt 1 view .LVU52
 197 0090 E5E7     		b	.L18
 198              	.L17:
 128:Core/Src/bmp280.c ****         break;
 199              		.loc 1 128 9 view .LVU53
 128:Core/Src/bmp280.c ****         break;
 200              		.loc 1 128 19 is_stmt 0 view .LVU54
 201 0092 43F00303 		orr	r3, r3, #3
 202              	.LVL18:
 129:Core/Src/bmp280.c ****     default:
 203              		.loc 1 129 9 is_stmt 1 view .LVU55
 204 0096 E2E7     		b	.L18
 205              	.LVL19:
 206              	.L19:
 207              		.loc 1 139 5 is_stmt 0 view .LVU56
 208 0098 0022     		movs	r2, #0
 209 009a 0CE0     		b	.L27
 210              	.L26:
 140:Core/Src/bmp280.c ****     {
 141:Core/Src/bmp280.c ****         case _0_5_ms:
 142:Core/Src/bmp280.c ****             config |= (0b000 << 5);
 143:Core/Src/bmp280.c ****             break;
 144:Core/Src/bmp280.c ****         case _62_5_ms:
 145:Core/Src/bmp280.c ****             config |= (0b001 << 5);
 146:Core/Src/bmp280.c ****             break;
 147:Core/Src/bmp280.c ****         case _125_ms:
 148:Core/Src/bmp280.c ****             config |= (0b010 << 5);
 211              		.loc 1 148 13 is_stmt 1 view .LVU57
 212              	.LVL20:
 149:Core/Src/bmp280.c ****             break;
 213              		.loc 1 149 13 view .LVU58
 148:Core/Src/bmp280.c ****             break;
 214              		.loc 1 148 20 is_stmt 0 view .LVU59
 215 009c 4022     		movs	r2, #64
 216              		.loc 1 149 13 view .LVU60
 217 009e 0AE0     		b	.L27
 218              	.LVL21:
 219              	.L25:
 150:Core/Src/bmp280.c ****         case _250_ms:
 151:Core/Src/bmp280.c ****             config |= (0b011 << 5);
 220              		.loc 1 151 13 is_stmt 1 view .LVU61
 152:Core/Src/bmp280.c ****             break;
 221              		.loc 1 152 13 view .LVU62
 151:Core/Src/bmp280.c ****             break;
 222              		.loc 1 151 20 is_stmt 0 view .LVU63
 223 00a0 6022     		movs	r2, #96
ARM GAS  C:\Users\SOHUMD~1\AppData\Local\Temp\cc6IKFOm.s 			page 8


 224              		.loc 1 152 13 view .LVU64
 225 00a2 08E0     		b	.L27
 226              	.LVL22:
 227              	.L24:
 153:Core/Src/bmp280.c ****         case _500_ms:
 154:Core/Src/bmp280.c ****             config |= (0b100 << 5);
 228              		.loc 1 154 13 is_stmt 1 view .LVU65
 155:Core/Src/bmp280.c ****             break;
 229              		.loc 1 155 13 view .LVU66
 154:Core/Src/bmp280.c ****             break;
 230              		.loc 1 154 20 is_stmt 0 view .LVU67
 231 00a4 8022     		movs	r2, #128
 232              		.loc 1 155 13 view .LVU68
 233 00a6 06E0     		b	.L27
 234              	.LVL23:
 235              	.L23:
 156:Core/Src/bmp280.c ****         case _1000_ms:
 157:Core/Src/bmp280.c ****             config |= (0b101 << 5);
 236              		.loc 1 157 13 is_stmt 1 view .LVU69
 158:Core/Src/bmp280.c ****             break;
 237              		.loc 1 158 13 view .LVU70
 157:Core/Src/bmp280.c ****             break;
 238              		.loc 1 157 20 is_stmt 0 view .LVU71
 239 00a8 A022     		movs	r2, #160
 240              		.loc 1 158 13 view .LVU72
 241 00aa 04E0     		b	.L27
 242              	.LVL24:
 243              	.L22:
 159:Core/Src/bmp280.c ****         case _2000_ms:
 160:Core/Src/bmp280.c ****             config |= (0b110 << 5);
 244              		.loc 1 160 13 is_stmt 1 view .LVU73
 161:Core/Src/bmp280.c ****             break;
 245              		.loc 1 161 13 view .LVU74
 160:Core/Src/bmp280.c ****             break;
 246              		.loc 1 160 20 is_stmt 0 view .LVU75
 247 00ac C022     		movs	r2, #192
 248              		.loc 1 161 13 view .LVU76
 249 00ae 02E0     		b	.L27
 250              	.LVL25:
 251              	.L20:
 162:Core/Src/bmp280.c ****         case _4000_ms:
 163:Core/Src/bmp280.c ****             config |= (0b111 << 5);
 252              		.loc 1 163 13 is_stmt 1 view .LVU77
 164:Core/Src/bmp280.c ****             break;
 253              		.loc 1 164 13 view .LVU78
 163:Core/Src/bmp280.c ****             break;
 254              		.loc 1 163 20 is_stmt 0 view .LVU79
 255 00b0 E022     		movs	r2, #224
 256              		.loc 1 164 13 view .LVU80
 257 00b2 00E0     		b	.L27
 258              	.LVL26:
 259              	.L36:
 145:Core/Src/bmp280.c ****             break;
 260              		.loc 1 145 20 view .LVU81
 261 00b4 2022     		movs	r2, #32
 262              	.LVL27:
 263              	.L27:
ARM GAS  C:\Users\SOHUMD~1\AppData\Local\Temp\cc6IKFOm.s 			page 9


 165:Core/Src/bmp280.c ****         default:
 166:Core/Src/bmp280.c ****             break;
 167:Core/Src/bmp280.c ****     }
 168:Core/Src/bmp280.c **** 
 169:Core/Src/bmp280.c ****     switch (bmp280_config_params.spi3w_enable)
 264              		.loc 1 169 5 is_stmt 1 view .LVU82
 265              		.loc 1 169 33 is_stmt 0 view .LVU83
 266 00b6 9DF80510 		ldrb	r1, [sp, #5]	@ zero_extendqisi2
 267              		.loc 1 169 5 view .LVU84
 268 00ba 09B9     		cbnz	r1, .L28
 170:Core/Src/bmp280.c ****     {
 171:Core/Src/bmp280.c ****     case yes:
 172:Core/Src/bmp280.c ****         config |= (0b1 << 0);
 269              		.loc 1 172 9 is_stmt 1 view .LVU85
 270              		.loc 1 172 16 is_stmt 0 view .LVU86
 271 00bc 42F00102 		orr	r2, r2, #1
 272              	.LVL28:
 173:Core/Src/bmp280.c ****         break;
 273              		.loc 1 173 9 is_stmt 1 view .LVU87
 274              	.L28:
 174:Core/Src/bmp280.c ****     case no:
 175:Core/Src/bmp280.c ****         config |= (0b0 << 0);
 176:Core/Src/bmp280.c ****         break;
 177:Core/Src/bmp280.c ****     default:
 178:Core/Src/bmp280.c ****         break;
 179:Core/Src/bmp280.c ****     }
 180:Core/Src/bmp280.c **** 
 181:Core/Src/bmp280.c ****     switch (bmp280_config_params.filter_coeff)
 275              		.loc 1 181 5 view .LVU88
 182:Core/Src/bmp280.c ****     {
 183:Core/Src/bmp280.c ****     case FILTER_OFF:
 184:Core/Src/bmp280.c ****         config |= (0b000 << 2);
 185:Core/Src/bmp280.c ****         break;
 186:Core/Src/bmp280.c ****     default:
 187:Core/Src/bmp280.c ****         break;
 188:Core/Src/bmp280.c ****     }
 189:Core/Src/bmp280.c **** 
 190:Core/Src/bmp280.c ****     BMP280_TX_Buffer[0] = 0x74;
 276              		.loc 1 190 5 view .LVU89
 277              		.loc 1 190 25 is_stmt 0 view .LVU90
 278 00c0 7421     		movs	r1, #116
 279 00c2 2170     		strb	r1, [r4]
 191:Core/Src/bmp280.c ****     BMP280_TX_Buffer[1] = ctrl_meas;
 280              		.loc 1 191 5 is_stmt 1 view .LVU91
 281              		.loc 1 191 25 is_stmt 0 view .LVU92
 282 00c4 6370     		strb	r3, [r4, #1]
 192:Core/Src/bmp280.c ****     BMP280_TX_Buffer[2] = 0x75;
 283              		.loc 1 192 5 is_stmt 1 view .LVU93
 284              		.loc 1 192 25 is_stmt 0 view .LVU94
 285 00c6 7523     		movs	r3, #117
 286              	.LVL29:
 287              		.loc 1 192 25 view .LVU95
 288 00c8 A370     		strb	r3, [r4, #2]
 193:Core/Src/bmp280.c ****     BMP280_TX_Buffer[3] = config;
 289              		.loc 1 193 5 is_stmt 1 view .LVU96
 290              		.loc 1 193 25 is_stmt 0 view .LVU97
 291 00ca E270     		strb	r2, [r4, #3]
ARM GAS  C:\Users\SOHUMD~1\AppData\Local\Temp\cc6IKFOm.s 			page 10


 194:Core/Src/bmp280.c **** 
 195:Core/Src/bmp280.c ****     HAL_StatusTypeDef spi_status;
 292              		.loc 1 195 5 is_stmt 1 view .LVU98
 196:Core/Src/bmp280.c ****     //Attempt to send the command, and check the return on the HAL_SPI_DMA function
 197:Core/Src/bmp280.c ****     HAL_GPIO_WritePin(GPIOA, GPIO_PIN_4, GPIO_PIN_RESET);
 293              		.loc 1 197 5 view .LVU99
 294 00cc 0022     		movs	r2, #0
 295              	.LVL30:
 296              		.loc 1 197 5 is_stmt 0 view .LVU100
 297 00ce 1021     		movs	r1, #16
 298 00d0 0E48     		ldr	r0, .L39
 299 00d2 FFF7FEFF 		bl	HAL_GPIO_WritePin
 300              	.LVL31:
 198:Core/Src/bmp280.c ****     spi_status = HAL_SPI_TransmitReceive_DMA(spi_handle, BMP280_TX_Buffer, BMP280_RX_Buffer, BMP280
 301              		.loc 1 198 5 is_stmt 1 view .LVU101
 302              		.loc 1 198 18 is_stmt 0 view .LVU102
 303 00d6 BDF82030 		ldrh	r3, [sp, #32]
 304 00da 079A     		ldr	r2, [sp, #28]
 305 00dc 2146     		mov	r1, r4
 306 00de 2846     		mov	r0, r5
 307 00e0 FFF7FEFF 		bl	HAL_SPI_TransmitReceive_DMA
 308              	.LVL32:
 199:Core/Src/bmp280.c **** 
 200:Core/Src/bmp280.c ****     switch (spi_status)
 309              		.loc 1 200 5 is_stmt 1 view .LVU103
 310 00e4 0328     		cmp	r0, #3
 311 00e6 0CD8     		bhi	.L29
 312 00e8 DFE800F0 		tbb	[pc, r0]
 313              	.L31:
 314 00ec 05       		.byte	(.L34-.L31)/2
 315 00ed 0D       		.byte	(.L37-.L31)/2
 316 00ee 02       		.byte	(.L32-.L31)/2
 317 00ef 09       		.byte	(.L30-.L31)/2
 318              		.p2align 1
 319              	.L32:
 320 00f0 0220     		movs	r0, #2
 321              	.LVL33:
 322              	.L33:
 201:Core/Src/bmp280.c ****     {
 202:Core/Src/bmp280.c ****     case HAL_OK:
 203:Core/Src/bmp280.c ****         /* HAL function sent the SPI transaction sucsessfully - now being handled by DMA */
 204:Core/Src/bmp280.c ****         *spi_done_flag = 0;
 205:Core/Src/bmp280.c ****         return 0x0001;
 206:Core/Src/bmp280.c ****     case HAL_BUSY:
 207:Core/Src/bmp280.c ****         /* SPI bus in use currently */
 208:Core/Src/bmp280.c ****         return 0x0002;
 209:Core/Src/bmp280.c ****     case HAL_ERROR:
 210:Core/Src/bmp280.c ****         /* HAL funnction returned some error */
 211:Core/Src/bmp280.c ****         return 0x0003;
 212:Core/Src/bmp280.c ****     case HAL_TIMEOUT:
 213:Core/Src/bmp280.c ****         /* HAL function returned a timeout error */
 214:Core/Src/bmp280.c ****         return 0x0004;
 215:Core/Src/bmp280.c ****     default:
 216:Core/Src/bmp280.c ****         return 0x0006; //This is the impossible case that should not happen at all, but for pedanti
 217:Core/Src/bmp280.c ****     }
 218:Core/Src/bmp280.c **** }
 323              		.loc 1 218 1 is_stmt 0 view .LVU104
ARM GAS  C:\Users\SOHUMD~1\AppData\Local\Temp\cc6IKFOm.s 			page 11


 324 00f2 02B0     		add	sp, sp, #8
 325              	.LCFI2:
 326              		.cfi_remember_state
 327              		.cfi_def_cfa_offset 16
 328              		@ sp needed
 329 00f4 70BD     		pop	{r4, r5, r6, pc}
 330              	.LVL34:
 331              	.L34:
 332              	.LCFI3:
 333              		.cfi_restore_state
 204:Core/Src/bmp280.c ****         return 0x0001;
 334              		.loc 1 204 9 is_stmt 1 view .LVU105
 204:Core/Src/bmp280.c ****         return 0x0001;
 335              		.loc 1 204 24 is_stmt 0 view .LVU106
 336 00f6 0023     		movs	r3, #0
 337 00f8 3360     		str	r3, [r6]
 205:Core/Src/bmp280.c ****     case HAL_BUSY:
 338              		.loc 1 205 9 is_stmt 1 view .LVU107
 205:Core/Src/bmp280.c ****     case HAL_BUSY:
 339              		.loc 1 205 16 is_stmt 0 view .LVU108
 340 00fa 0120     		movs	r0, #1
 341              	.LVL35:
 205:Core/Src/bmp280.c ****     case HAL_BUSY:
 342              		.loc 1 205 16 view .LVU109
 343 00fc F9E7     		b	.L33
 344              	.LVL36:
 345              	.L30:
 214:Core/Src/bmp280.c ****     default:
 346              		.loc 1 214 9 is_stmt 1 view .LVU110
 214:Core/Src/bmp280.c ****     default:
 347              		.loc 1 214 16 is_stmt 0 view .LVU111
 348 00fe 0420     		movs	r0, #4
 349              	.LVL37:
 214:Core/Src/bmp280.c ****     default:
 350              		.loc 1 214 16 view .LVU112
 351 0100 F7E7     		b	.L33
 352              	.LVL38:
 353              	.L29:
 216:Core/Src/bmp280.c ****     }
 354              		.loc 1 216 9 is_stmt 1 view .LVU113
 216:Core/Src/bmp280.c ****     }
 355              		.loc 1 216 16 is_stmt 0 view .LVU114
 356 0102 0620     		movs	r0, #6
 357              	.LVL39:
 216:Core/Src/bmp280.c ****     }
 358              		.loc 1 216 16 view .LVU115
 359 0104 F5E7     		b	.L33
 360              	.LVL40:
 361              	.L37:
 211:Core/Src/bmp280.c ****     case HAL_TIMEOUT:
 362              		.loc 1 211 16 view .LVU116
 363 0106 0320     		movs	r0, #3
 364              	.LVL41:
 211:Core/Src/bmp280.c ****     case HAL_TIMEOUT:
 365              		.loc 1 211 16 view .LVU117
 366 0108 F3E7     		b	.L33
 367              	.L40:
ARM GAS  C:\Users\SOHUMD~1\AppData\Local\Temp\cc6IKFOm.s 			page 12


 368 010a 00BF     		.align	2
 369              	.L39:
 370 010c 00000240 		.word	1073872896
 371              		.cfi_endproc
 372              	.LFE138:
 374              		.section	.text.BMP280_READ,"ax",%progbits
 375              		.align	1
 376              		.global	BMP280_READ
 377              		.syntax unified
 378              		.thumb
 379              		.thumb_func
 381              	BMP280_READ:
 382              	.LVL42:
 383              	.LFB139:
 219:Core/Src/bmp280.c **** 
 220:Core/Src/bmp280.c **** /*
 221:Core/Src/bmp280.c **** This has the spi_completed guard and the t_standby_elapsed guard built in, so main.c code stays org
 222:Core/Src/bmp280.c **** will return an 8-bit hex value depening on what kind of error there is (if there is any)
 223:Core/Src/bmp280.c **** Output Codes:
 224:Core/Src/bmp280.c ****     0x0001 -> HAL transaction sucsessfull,
 225:Core/Src/bmp280.c ****     0x0002 -> SPI Bus is busy
 226:Core/Src/bmp280.c ****     0x0003 -> SPI bus returned some error
 227:Core/Src/bmp280.c ****     0x0004 -> HAL_SPI_TransmitReceive_DMA returned a timeout
 228:Core/Src/bmp280.c ****     0x0005 -> standby time not elapsed yet
 229:Core/Src/bmp280.c ****     0x0006 -> HAl function returned nothing at all
 230:Core/Src/bmp280.c **** */
 231:Core/Src/bmp280.c **** uint16_t BMP280_READ(SPI_HandleTypeDef* spi_handle, int* spi_done_flag, uint8_t* BMP280_TX_Buffer, 
 232:Core/Src/bmp280.c **** {
 384              		.loc 1 232 1 is_stmt 1 view -0
 385              		.cfi_startproc
 386              		@ args = 4, pretend = 0, frame = 0
 387              		@ frame_needed = 0, uses_anonymous_args = 0
 388              		.loc 1 232 1 is_stmt 0 view .LVU119
 389 0000 F8B5     		push	{r3, r4, r5, r6, r7, lr}
 390              	.LCFI4:
 391              		.cfi_def_cfa_offset 24
 392              		.cfi_offset 3, -24
 393              		.cfi_offset 4, -20
 394              		.cfi_offset 5, -16
 395              		.cfi_offset 6, -12
 396              		.cfi_offset 7, -8
 397              		.cfi_offset 14, -4
 398 0002 0446     		mov	r4, r0
 399 0004 0F46     		mov	r7, r1
 400 0006 1546     		mov	r5, r2
 401 0008 1E46     		mov	r6, r3
 233:Core/Src/bmp280.c ****     HAL_StatusTypeDef spi_status;
 402              		.loc 1 233 5 is_stmt 1 view .LVU120
 234:Core/Src/bmp280.c ****     //Attempt to send the command, and check the return on the HAL_SPI_DMA function
 235:Core/Src/bmp280.c ****     HAL_GPIO_WritePin(GPIOA, GPIO_PIN_4, GPIO_PIN_RESET);
 403              		.loc 1 235 5 view .LVU121
 404 000a 0022     		movs	r2, #0
 405              	.LVL43:
 406              		.loc 1 235 5 is_stmt 0 view .LVU122
 407 000c 1021     		movs	r1, #16
 408              	.LVL44:
 409              		.loc 1 235 5 view .LVU123
ARM GAS  C:\Users\SOHUMD~1\AppData\Local\Temp\cc6IKFOm.s 			page 13


 410 000e 0F48     		ldr	r0, .L50
 411              	.LVL45:
 412              		.loc 1 235 5 view .LVU124
 413 0010 FFF7FEFF 		bl	HAL_GPIO_WritePin
 414              	.LVL46:
 236:Core/Src/bmp280.c ****     spi_status = HAL_SPI_TransmitReceive_DMA(spi_handle, BMP280_TX_Buffer, BMP280_RX_Buffer, BMP280
 415              		.loc 1 236 5 is_stmt 1 view .LVU125
 416              		.loc 1 236 18 is_stmt 0 view .LVU126
 417 0014 BDF81830 		ldrh	r3, [sp, #24]
 418 0018 3246     		mov	r2, r6
 419 001a 2946     		mov	r1, r5
 420 001c 2046     		mov	r0, r4
 421 001e FFF7FEFF 		bl	HAL_SPI_TransmitReceive_DMA
 422              	.LVL47:
 237:Core/Src/bmp280.c **** 
 238:Core/Src/bmp280.c ****     switch (spi_status)
 423              		.loc 1 238 5 is_stmt 1 view .LVU127
 424 0022 0328     		cmp	r0, #3
 425 0024 0BD8     		bhi	.L42
 426 0026 DFE800F0 		tbb	[pc, r0]
 427              	.L44:
 428 002a 04       		.byte	(.L47-.L44)/2
 429 002b 0E       		.byte	(.L48-.L44)/2
 430 002c 02       		.byte	(.L45-.L44)/2
 431 002d 08       		.byte	(.L43-.L44)/2
 432              		.p2align 1
 433              	.L45:
 434 002e 0220     		movs	r0, #2
 435              	.LVL48:
 436              	.L46:
 239:Core/Src/bmp280.c ****     {
 240:Core/Src/bmp280.c ****     case HAL_OK:
 241:Core/Src/bmp280.c ****         /* HAL function sent the SPI transaction sucsessfully - now being handled by DMA */
 242:Core/Src/bmp280.c ****         *spi_done_flag = 0;
 243:Core/Src/bmp280.c ****         return 0x0001;
 244:Core/Src/bmp280.c ****     case HAL_BUSY:
 245:Core/Src/bmp280.c ****         /* SPI bus in use currently */
 246:Core/Src/bmp280.c ****         return 0x0002;
 247:Core/Src/bmp280.c ****     case HAL_ERROR:
 248:Core/Src/bmp280.c ****         /* HAL funnction returned some error */
 249:Core/Src/bmp280.c ****         return 0x0003;
 250:Core/Src/bmp280.c ****     case HAL_TIMEOUT:
 251:Core/Src/bmp280.c ****         /* HAL function returned a timeout error */
 252:Core/Src/bmp280.c ****         return 0x0004;
 253:Core/Src/bmp280.c ****     default:
 254:Core/Src/bmp280.c ****         *spi_done_flag = 0;
 255:Core/Src/bmp280.c ****         return 0x0006; //This is the impossible case that should not happen at all, but for pedanti
 256:Core/Src/bmp280.c ****     }
 257:Core/Src/bmp280.c **** }
 437              		.loc 1 257 1 is_stmt 0 view .LVU128
 438 0030 F8BD     		pop	{r3, r4, r5, r6, r7, pc}
 439              	.LVL49:
 440              	.L47:
 242:Core/Src/bmp280.c ****         return 0x0001;
 441              		.loc 1 242 9 is_stmt 1 view .LVU129
 242:Core/Src/bmp280.c ****         return 0x0001;
 442              		.loc 1 242 24 is_stmt 0 view .LVU130
ARM GAS  C:\Users\SOHUMD~1\AppData\Local\Temp\cc6IKFOm.s 			page 14


 443 0032 0023     		movs	r3, #0
 444 0034 3B60     		str	r3, [r7]
 243:Core/Src/bmp280.c ****     case HAL_BUSY:
 445              		.loc 1 243 9 is_stmt 1 view .LVU131
 243:Core/Src/bmp280.c ****     case HAL_BUSY:
 446              		.loc 1 243 16 is_stmt 0 view .LVU132
 447 0036 0120     		movs	r0, #1
 448              	.LVL50:
 243:Core/Src/bmp280.c ****     case HAL_BUSY:
 449              		.loc 1 243 16 view .LVU133
 450 0038 FAE7     		b	.L46
 451              	.LVL51:
 452              	.L43:
 252:Core/Src/bmp280.c ****     default:
 453              		.loc 1 252 9 is_stmt 1 view .LVU134
 252:Core/Src/bmp280.c ****     default:
 454              		.loc 1 252 16 is_stmt 0 view .LVU135
 455 003a 0420     		movs	r0, #4
 456              	.LVL52:
 252:Core/Src/bmp280.c ****     default:
 457              		.loc 1 252 16 view .LVU136
 458 003c F8E7     		b	.L46
 459              	.LVL53:
 460              	.L42:
 254:Core/Src/bmp280.c ****         return 0x0006; //This is the impossible case that should not happen at all, but for pedanti
 461              		.loc 1 254 9 is_stmt 1 view .LVU137
 254:Core/Src/bmp280.c ****         return 0x0006; //This is the impossible case that should not happen at all, but for pedanti
 462              		.loc 1 254 24 is_stmt 0 view .LVU138
 463 003e 0023     		movs	r3, #0
 464 0040 3B60     		str	r3, [r7]
 255:Core/Src/bmp280.c ****     }
 465              		.loc 1 255 9 is_stmt 1 view .LVU139
 255:Core/Src/bmp280.c ****     }
 466              		.loc 1 255 16 is_stmt 0 view .LVU140
 467 0042 0620     		movs	r0, #6
 468              	.LVL54:
 255:Core/Src/bmp280.c ****     }
 469              		.loc 1 255 16 view .LVU141
 470 0044 F4E7     		b	.L46
 471              	.LVL55:
 472              	.L48:
 249:Core/Src/bmp280.c ****     case HAL_TIMEOUT:
 473              		.loc 1 249 16 view .LVU142
 474 0046 0320     		movs	r0, #3
 475              	.LVL56:
 249:Core/Src/bmp280.c ****     case HAL_TIMEOUT:
 476              		.loc 1 249 16 view .LVU143
 477 0048 F2E7     		b	.L46
 478              	.L51:
 479 004a 00BF     		.align	2
 480              	.L50:
 481 004c 00000240 		.word	1073872896
 482              		.cfi_endproc
 483              	.LFE139:
 485              		.section	.text.BMP280_TASK,"ax",%progbits
 486              		.align	1
 487              		.global	BMP280_TASK
ARM GAS  C:\Users\SOHUMD~1\AppData\Local\Temp\cc6IKFOm.s 			page 15


 488              		.syntax unified
 489              		.thumb
 490              		.thumb_func
 492              	BMP280_TASK:
 493              	.LVL57:
 494              	.LFB137:
  27:Core/Src/bmp280.c ****     uint16_t code_var;
 495              		.loc 1 27 1 is_stmt 1 view -0
 496              		.cfi_startproc
 497              		@ args = 8, pretend = 0, frame = 8
 498              		@ frame_needed = 0, uses_anonymous_args = 0
  27:Core/Src/bmp280.c ****     uint16_t code_var;
 499              		.loc 1 27 1 is_stmt 0 view .LVU145
 500 0000 00B5     		push	{lr}
 501              	.LCFI5:
 502              		.cfi_def_cfa_offset 4
 503              		.cfi_offset 14, -4
 504 0002 87B0     		sub	sp, sp, #28
 505              	.LCFI6:
 506              		.cfi_def_cfa_offset 32
 507 0004 9446     		mov	ip, r2
 508 0006 1A46     		mov	r2, r3
 509              	.LVL58:
  28:Core/Src/bmp280.c ****     if(bmp280_config_mode)
 510              		.loc 1 28 5 is_stmt 1 view .LVU146
  29:Core/Src/bmp280.c **** 	{
 511              		.loc 1 29 5 view .LVU147
  29:Core/Src/bmp280.c **** 	{
 512              		.loc 1 29 7 is_stmt 0 view .LVU148
 513 0008 F1B1     		cbz	r1, .L53
 514              	.LBB2:
  31:Core/Src/bmp280.c ****         bmp280_comfig_params.t_standby = _62_5_ms;
 515              		.loc 1 31 9 is_stmt 1 view .LVU149
  32:Core/Src/bmp280.c ****         bmp280_comfig_params.temperature_oversampling = SKIP_MEASURMENT;
 516              		.loc 1 32 9 view .LVU150
  32:Core/Src/bmp280.c ****         bmp280_comfig_params.temperature_oversampling = SKIP_MEASURMENT;
 517              		.loc 1 32 40 is_stmt 0 view .LVU151
 518 000a 0121     		movs	r1, #1
 519              	.LVL59:
  32:Core/Src/bmp280.c ****         bmp280_comfig_params.temperature_oversampling = SKIP_MEASURMENT;
 520              		.loc 1 32 40 view .LVU152
 521 000c 8DF81310 		strb	r1, [sp, #19]
  33:Core/Src/bmp280.c ****         bmp280_comfig_params.spi3w_enable = no;
 522              		.loc 1 33 9 is_stmt 1 view .LVU153
  33:Core/Src/bmp280.c ****         bmp280_comfig_params.spi3w_enable = no;
 523              		.loc 1 33 55 is_stmt 0 view .LVU154
 524 0010 0023     		movs	r3, #0
 525              	.LVL60:
  33:Core/Src/bmp280.c ****         bmp280_comfig_params.spi3w_enable = no;
 526              		.loc 1 33 55 view .LVU155
 527 0012 8DF81130 		strb	r3, [sp, #17]
  34:Core/Src/bmp280.c ****         bmp280_comfig_params.pressure_oversampling = ULTRA_HIGH_RESOLUTION;
 528              		.loc 1 34 9 is_stmt 1 view .LVU156
  34:Core/Src/bmp280.c ****         bmp280_comfig_params.pressure_oversampling = ULTRA_HIGH_RESOLUTION;
 529              		.loc 1 34 43 is_stmt 0 view .LVU157
 530 0016 8DF81510 		strb	r1, [sp, #21]
  35:Core/Src/bmp280.c ****         bmp280_comfig_params.power_setting = NORMAL;
ARM GAS  C:\Users\SOHUMD~1\AppData\Local\Temp\cc6IKFOm.s 			page 16


 531              		.loc 1 35 9 is_stmt 1 view .LVU158
  35:Core/Src/bmp280.c ****         bmp280_comfig_params.power_setting = NORMAL;
 532              		.loc 1 35 52 is_stmt 0 view .LVU159
 533 001a 0521     		movs	r1, #5
 534 001c 8DF81010 		strb	r1, [sp, #16]
  36:Core/Src/bmp280.c ****         bmp280_comfig_params.filter_coeff = FILTER_OFF;
 535              		.loc 1 36 9 is_stmt 1 view .LVU160
  36:Core/Src/bmp280.c ****         bmp280_comfig_params.filter_coeff = FILTER_OFF;
 536              		.loc 1 36 44 is_stmt 0 view .LVU161
 537 0020 0221     		movs	r1, #2
 538 0022 8DF81210 		strb	r1, [sp, #18]
  37:Core/Src/bmp280.c ****         code_var = BMP280_CONFIG(bmp280_comfig_params, spi_handle, spi_done_flag, BMP280_TX_Buffer,
 539              		.loc 1 37 9 is_stmt 1 view .LVU162
  37:Core/Src/bmp280.c ****         code_var = BMP280_CONFIG(bmp280_comfig_params, spi_handle, spi_done_flag, BMP280_TX_Buffer,
 540              		.loc 1 37 43 is_stmt 0 view .LVU163
 541 0026 8DF81430 		strb	r3, [sp, #20]
  38:Core/Src/bmp280.c ****         }
 542              		.loc 1 38 9 is_stmt 1 view .LVU164
  38:Core/Src/bmp280.c ****         }
 543              		.loc 1 38 20 is_stmt 0 view .LVU165
 544 002a 0423     		movs	r3, #4
 545 002c 0293     		str	r3, [sp, #8]
 546 002e 089B     		ldr	r3, [sp, #32]
 547 0030 0193     		str	r3, [sp, #4]
 548 0032 0092     		str	r2, [sp]
 549 0034 6346     		mov	r3, ip
 550 0036 0246     		mov	r2, r0
 551              	.LVL61:
  38:Core/Src/bmp280.c ****         }
 552              		.loc 1 38 20 view .LVU166
 553 0038 06A9     		add	r1, sp, #24
 554 003a 11E90300 		ldmdb	r1, {r0, r1}
 555              	.LVL62:
  38:Core/Src/bmp280.c ****         }
 556              		.loc 1 38 20 view .LVU167
 557 003e FFF7FEFF 		bl	BMP280_CONFIG
 558              	.LVL63:
 559              	.L54:
  38:Core/Src/bmp280.c ****         }
 560              		.loc 1 38 20 view .LVU168
 561              	.LBE2:
  45:Core/Src/bmp280.c **** }
 562              		.loc 1 45 5 is_stmt 1 view .LVU169
  46:Core/Src/bmp280.c **** 
 563              		.loc 1 46 1 is_stmt 0 view .LVU170
 564 0042 07B0     		add	sp, sp, #28
 565              	.LCFI7:
 566              		.cfi_remember_state
 567              		.cfi_def_cfa_offset 4
 568              		@ sp needed
 569 0044 5DF804FB 		ldr	pc, [sp], #4
 570              	.LVL64:
 571              	.L53:
 572              	.LCFI8:
 573              		.cfi_restore_state
  43:Core/Src/bmp280.c **** 	    }
 574              		.loc 1 43 9 is_stmt 1 view .LVU171
ARM GAS  C:\Users\SOHUMD~1\AppData\Local\Temp\cc6IKFOm.s 			page 17


  43:Core/Src/bmp280.c **** 	    }
 575              		.loc 1 43 20 is_stmt 0 view .LVU172
 576 0048 099B     		ldr	r3, [sp, #36]
 577 004a 0093     		str	r3, [sp]
 578 004c 089B     		ldr	r3, [sp, #32]
 579 004e 6146     		mov	r1, ip
 580              	.LVL65:
  43:Core/Src/bmp280.c **** 	    }
 581              		.loc 1 43 20 view .LVU173
 582 0050 FFF7FEFF 		bl	BMP280_READ
 583              	.LVL66:
  43:Core/Src/bmp280.c **** 	    }
 584              		.loc 1 43 20 view .LVU174
 585 0054 F5E7     		b	.L54
 586              		.cfi_endproc
 587              	.LFE137:
 589              		.text
 590              	.Letext0:
 591              		.file 2 "c:\\program files (x86)\\gnu arm embedded toolchain\\10 2021.10\\arm-none-eabi\\include\\
 592              		.file 3 "c:\\program files (x86)\\gnu arm embedded toolchain\\10 2021.10\\arm-none-eabi\\include\\
 593              		.file 4 "Drivers/CMSIS/Device/ST/STM32F4xx/Include/stm32f411xe.h"
 594              		.file 5 "Drivers/STM32F4xx_HAL_Driver/Inc/stm32f4xx_hal_def.h"
 595              		.file 6 "Drivers/STM32F4xx_HAL_Driver/Inc/stm32f4xx_hal_gpio.h"
 596              		.file 7 "Drivers/STM32F4xx_HAL_Driver/Inc/stm32f4xx_hal_dma.h"
 597              		.file 8 "Drivers/STM32F4xx_HAL_Driver/Inc/stm32f4xx_hal_spi.h"
 598              		.file 9 "Core/Inc/bmp280.h"
ARM GAS  C:\Users\SOHUMD~1\AppData\Local\Temp\cc6IKFOm.s 			page 18


DEFINED SYMBOLS
                            *ABS*:00000000 bmp280.c
C:\Users\SOHUMD~1\AppData\Local\Temp\cc6IKFOm.s:20     .text.BMP280_CONFIG:00000000 $t
C:\Users\SOHUMD~1\AppData\Local\Temp\cc6IKFOm.s:26     .text.BMP280_CONFIG:00000000 BMP280_CONFIG
C:\Users\SOHUMD~1\AppData\Local\Temp\cc6IKFOm.s:62     .text.BMP280_CONFIG:0000001e $d
C:\Users\SOHUMD~1\AppData\Local\Temp\cc6IKFOm.s:120    .text.BMP280_CONFIG:00000048 $d
C:\Users\SOHUMD~1\AppData\Local\Temp\cc6IKFOm.s:154    .text.BMP280_CONFIG:0000006c $d
C:\Users\SOHUMD~1\AppData\Local\Temp\cc6IKFOm.s:314    .text.BMP280_CONFIG:000000ec $d
C:\Users\SOHUMD~1\AppData\Local\Temp\cc6IKFOm.s:318    .text.BMP280_CONFIG:000000f0 $t
C:\Users\SOHUMD~1\AppData\Local\Temp\cc6IKFOm.s:370    .text.BMP280_CONFIG:0000010c $d
C:\Users\SOHUMD~1\AppData\Local\Temp\cc6IKFOm.s:375    .text.BMP280_READ:00000000 $t
C:\Users\SOHUMD~1\AppData\Local\Temp\cc6IKFOm.s:381    .text.BMP280_READ:00000000 BMP280_READ
C:\Users\SOHUMD~1\AppData\Local\Temp\cc6IKFOm.s:428    .text.BMP280_READ:0000002a $d
C:\Users\SOHUMD~1\AppData\Local\Temp\cc6IKFOm.s:432    .text.BMP280_READ:0000002e $t
C:\Users\SOHUMD~1\AppData\Local\Temp\cc6IKFOm.s:481    .text.BMP280_READ:0000004c $d
C:\Users\SOHUMD~1\AppData\Local\Temp\cc6IKFOm.s:486    .text.BMP280_TASK:00000000 $t
C:\Users\SOHUMD~1\AppData\Local\Temp\cc6IKFOm.s:492    .text.BMP280_TASK:00000000 BMP280_TASK
C:\Users\SOHUMD~1\AppData\Local\Temp\cc6IKFOm.s:67     .text.BMP280_CONFIG:00000023 $d
C:\Users\SOHUMD~1\AppData\Local\Temp\cc6IKFOm.s:67     .text.BMP280_CONFIG:00000024 $t
C:\Users\SOHUMD~1\AppData\Local\Temp\cc6IKFOm.s:125    .text.BMP280_CONFIG:0000004d $d
C:\Users\SOHUMD~1\AppData\Local\Temp\cc6IKFOm.s:125    .text.BMP280_CONFIG:0000004e $t
C:\Users\SOHUMD~1\AppData\Local\Temp\cc6IKFOm.s:162    .text.BMP280_CONFIG:00000073 $d
C:\Users\SOHUMD~1\AppData\Local\Temp\cc6IKFOm.s:162    .text.BMP280_CONFIG:00000074 $t

UNDEFINED SYMBOLS
HAL_GPIO_WritePin
HAL_SPI_TransmitReceive_DMA
