ARM GAS  C:\Users\SOHUMD~1\AppData\Local\Temp\cc4drjc6.s 			page 1


   1              		.cpu cortex-m4
   2              		.arch armv7e-m
   3              		.fpu fpv4-sp-d16
   4              		.eabi_attribute 27, 1
   5              		.eabi_attribute 28, 1
   6              		.eabi_attribute 20, 1
   7              		.eabi_attribute 21, 1
   8              		.eabi_attribute 23, 3
   9              		.eabi_attribute 24, 1
  10              		.eabi_attribute 25, 1
  11              		.eabi_attribute 26, 1
  12              		.eabi_attribute 30, 1
  13              		.eabi_attribute 34, 1
  14              		.eabi_attribute 18, 4
  15              		.file	"stm32f4xx_hal_msp.c"
  16              		.text
  17              	.Ltext0:
  18              		.cfi_sections	.debug_frame
  19              		.section	.text.HAL_MspInit,"ax",%progbits
  20              		.align	1
  21              		.global	HAL_MspInit
  22              		.syntax unified
  23              		.thumb
  24              		.thumb_func
  26              	HAL_MspInit:
  27              	.LFB134:
  28              		.file 1 "Core/Src/stm32f4xx_hal_msp.c"
   1:Core/Src/stm32f4xx_hal_msp.c **** /* USER CODE BEGIN Header */
   2:Core/Src/stm32f4xx_hal_msp.c **** /**
   3:Core/Src/stm32f4xx_hal_msp.c ****   ******************************************************************************
   4:Core/Src/stm32f4xx_hal_msp.c ****   * @file         stm32f4xx_hal_msp.c
   5:Core/Src/stm32f4xx_hal_msp.c ****   * @brief        This file provides code for the MSP Initialization
   6:Core/Src/stm32f4xx_hal_msp.c ****   *               and de-Initialization codes.
   7:Core/Src/stm32f4xx_hal_msp.c ****   ******************************************************************************
   8:Core/Src/stm32f4xx_hal_msp.c ****   * @attention
   9:Core/Src/stm32f4xx_hal_msp.c ****   *
  10:Core/Src/stm32f4xx_hal_msp.c ****   * Copyright (c) 2026 STMicroelectronics.
  11:Core/Src/stm32f4xx_hal_msp.c ****   * All rights reserved.
  12:Core/Src/stm32f4xx_hal_msp.c ****   *
  13:Core/Src/stm32f4xx_hal_msp.c ****   * This software is licensed under terms that can be found in the LICENSE file
  14:Core/Src/stm32f4xx_hal_msp.c ****   * in the root directory of this software component.
  15:Core/Src/stm32f4xx_hal_msp.c ****   * If no LICENSE file comes with this software, it is provided AS-IS.
  16:Core/Src/stm32f4xx_hal_msp.c ****   *
  17:Core/Src/stm32f4xx_hal_msp.c ****   ******************************************************************************
  18:Core/Src/stm32f4xx_hal_msp.c ****   */
  19:Core/Src/stm32f4xx_hal_msp.c **** /* USER CODE END Header */
  20:Core/Src/stm32f4xx_hal_msp.c **** /* Includes ------------------------------------------------------------------*/
  21:Core/Src/stm32f4xx_hal_msp.c **** #include "main.h"
  22:Core/Src/stm32f4xx_hal_msp.c **** /* USER CODE BEGIN Includes */
  23:Core/Src/stm32f4xx_hal_msp.c **** 
  24:Core/Src/stm32f4xx_hal_msp.c **** /* USER CODE END Includes */
  25:Core/Src/stm32f4xx_hal_msp.c **** extern DMA_HandleTypeDef hdma_spi1_rx;
  26:Core/Src/stm32f4xx_hal_msp.c **** 
  27:Core/Src/stm32f4xx_hal_msp.c **** extern DMA_HandleTypeDef hdma_spi1_tx;
  28:Core/Src/stm32f4xx_hal_msp.c **** 
  29:Core/Src/stm32f4xx_hal_msp.c **** /* Private typedef -----------------------------------------------------------*/
  30:Core/Src/stm32f4xx_hal_msp.c **** /* USER CODE BEGIN TD */
ARM GAS  C:\Users\SOHUMD~1\AppData\Local\Temp\cc4drjc6.s 			page 2


  31:Core/Src/stm32f4xx_hal_msp.c **** 
  32:Core/Src/stm32f4xx_hal_msp.c **** /* USER CODE END TD */
  33:Core/Src/stm32f4xx_hal_msp.c **** 
  34:Core/Src/stm32f4xx_hal_msp.c **** /* Private define ------------------------------------------------------------*/
  35:Core/Src/stm32f4xx_hal_msp.c **** /* USER CODE BEGIN Define */
  36:Core/Src/stm32f4xx_hal_msp.c **** 
  37:Core/Src/stm32f4xx_hal_msp.c **** /* USER CODE END Define */
  38:Core/Src/stm32f4xx_hal_msp.c **** 
  39:Core/Src/stm32f4xx_hal_msp.c **** /* Private macro -------------------------------------------------------------*/
  40:Core/Src/stm32f4xx_hal_msp.c **** /* USER CODE BEGIN Macro */
  41:Core/Src/stm32f4xx_hal_msp.c **** 
  42:Core/Src/stm32f4xx_hal_msp.c **** /* USER CODE END Macro */
  43:Core/Src/stm32f4xx_hal_msp.c **** 
  44:Core/Src/stm32f4xx_hal_msp.c **** /* Private variables ---------------------------------------------------------*/
  45:Core/Src/stm32f4xx_hal_msp.c **** /* USER CODE BEGIN PV */
  46:Core/Src/stm32f4xx_hal_msp.c **** 
  47:Core/Src/stm32f4xx_hal_msp.c **** /* USER CODE END PV */
  48:Core/Src/stm32f4xx_hal_msp.c **** 
  49:Core/Src/stm32f4xx_hal_msp.c **** /* Private function prototypes -----------------------------------------------*/
  50:Core/Src/stm32f4xx_hal_msp.c **** /* USER CODE BEGIN PFP */
  51:Core/Src/stm32f4xx_hal_msp.c **** 
  52:Core/Src/stm32f4xx_hal_msp.c **** /* USER CODE END PFP */
  53:Core/Src/stm32f4xx_hal_msp.c **** 
  54:Core/Src/stm32f4xx_hal_msp.c **** /* External functions --------------------------------------------------------*/
  55:Core/Src/stm32f4xx_hal_msp.c **** /* USER CODE BEGIN ExternalFunctions */
  56:Core/Src/stm32f4xx_hal_msp.c **** 
  57:Core/Src/stm32f4xx_hal_msp.c **** /* USER CODE END ExternalFunctions */
  58:Core/Src/stm32f4xx_hal_msp.c **** 
  59:Core/Src/stm32f4xx_hal_msp.c **** /* USER CODE BEGIN 0 */
  60:Core/Src/stm32f4xx_hal_msp.c **** 
  61:Core/Src/stm32f4xx_hal_msp.c **** /* USER CODE END 0 */
  62:Core/Src/stm32f4xx_hal_msp.c **** /**
  63:Core/Src/stm32f4xx_hal_msp.c ****   * Initializes the Global MSP.
  64:Core/Src/stm32f4xx_hal_msp.c ****   */
  65:Core/Src/stm32f4xx_hal_msp.c **** void HAL_MspInit(void)
  66:Core/Src/stm32f4xx_hal_msp.c **** {
  29              		.loc 1 66 1 view -0
  30              		.cfi_startproc
  31              		@ args = 0, pretend = 0, frame = 8
  32              		@ frame_needed = 0, uses_anonymous_args = 0
  33              		@ link register save eliminated.
  34 0000 82B0     		sub	sp, sp, #8
  35              	.LCFI0:
  36              		.cfi_def_cfa_offset 8
  67:Core/Src/stm32f4xx_hal_msp.c **** 
  68:Core/Src/stm32f4xx_hal_msp.c ****   /* USER CODE BEGIN MspInit 0 */
  69:Core/Src/stm32f4xx_hal_msp.c **** 
  70:Core/Src/stm32f4xx_hal_msp.c ****   /* USER CODE END MspInit 0 */
  71:Core/Src/stm32f4xx_hal_msp.c **** 
  72:Core/Src/stm32f4xx_hal_msp.c ****   __HAL_RCC_SYSCFG_CLK_ENABLE();
  37              		.loc 1 72 3 view .LVU1
  38              	.LBB2:
  39              		.loc 1 72 3 view .LVU2
  40 0002 0021     		movs	r1, #0
  41 0004 0091     		str	r1, [sp]
  42              		.loc 1 72 3 view .LVU3
  43 0006 0B4B     		ldr	r3, .L3
ARM GAS  C:\Users\SOHUMD~1\AppData\Local\Temp\cc4drjc6.s 			page 3


  44 0008 5A6C     		ldr	r2, [r3, #68]
  45 000a 42F48042 		orr	r2, r2, #16384
  46 000e 5A64     		str	r2, [r3, #68]
  47              		.loc 1 72 3 view .LVU4
  48 0010 5A6C     		ldr	r2, [r3, #68]
  49 0012 02F48042 		and	r2, r2, #16384
  50 0016 0092     		str	r2, [sp]
  51              		.loc 1 72 3 view .LVU5
  52 0018 009A     		ldr	r2, [sp]
  53              	.LBE2:
  54              		.loc 1 72 3 view .LVU6
  73:Core/Src/stm32f4xx_hal_msp.c ****   __HAL_RCC_PWR_CLK_ENABLE();
  55              		.loc 1 73 3 view .LVU7
  56              	.LBB3:
  57              		.loc 1 73 3 view .LVU8
  58 001a 0191     		str	r1, [sp, #4]
  59              		.loc 1 73 3 view .LVU9
  60 001c 1A6C     		ldr	r2, [r3, #64]
  61 001e 42F08052 		orr	r2, r2, #268435456
  62 0022 1A64     		str	r2, [r3, #64]
  63              		.loc 1 73 3 view .LVU10
  64 0024 1B6C     		ldr	r3, [r3, #64]
  65 0026 03F08053 		and	r3, r3, #268435456
  66 002a 0193     		str	r3, [sp, #4]
  67              		.loc 1 73 3 view .LVU11
  68 002c 019B     		ldr	r3, [sp, #4]
  69              	.LBE3:
  70              		.loc 1 73 3 view .LVU12
  74:Core/Src/stm32f4xx_hal_msp.c **** 
  75:Core/Src/stm32f4xx_hal_msp.c ****   /* System interrupt init*/
  76:Core/Src/stm32f4xx_hal_msp.c **** 
  77:Core/Src/stm32f4xx_hal_msp.c ****   /* USER CODE BEGIN MspInit 1 */
  78:Core/Src/stm32f4xx_hal_msp.c **** 
  79:Core/Src/stm32f4xx_hal_msp.c ****   /* USER CODE END MspInit 1 */
  80:Core/Src/stm32f4xx_hal_msp.c **** }
  71              		.loc 1 80 1 is_stmt 0 view .LVU13
  72 002e 02B0     		add	sp, sp, #8
  73              	.LCFI1:
  74              		.cfi_def_cfa_offset 0
  75              		@ sp needed
  76 0030 7047     		bx	lr
  77              	.L4:
  78 0032 00BF     		.align	2
  79              	.L3:
  80 0034 00380240 		.word	1073887232
  81              		.cfi_endproc
  82              	.LFE134:
  84              		.section	.text.HAL_SPI_MspInit,"ax",%progbits
  85              		.align	1
  86              		.global	HAL_SPI_MspInit
  87              		.syntax unified
  88              		.thumb
  89              		.thumb_func
  91              	HAL_SPI_MspInit:
  92              	.LVL0:
  93              	.LFB135:
  81:Core/Src/stm32f4xx_hal_msp.c **** 
ARM GAS  C:\Users\SOHUMD~1\AppData\Local\Temp\cc4drjc6.s 			page 4


  82:Core/Src/stm32f4xx_hal_msp.c **** /**
  83:Core/Src/stm32f4xx_hal_msp.c ****   * @brief SPI MSP Initialization
  84:Core/Src/stm32f4xx_hal_msp.c ****   * This function configures the hardware resources used in this example
  85:Core/Src/stm32f4xx_hal_msp.c ****   * @param hspi: SPI handle pointer
  86:Core/Src/stm32f4xx_hal_msp.c ****   * @retval None
  87:Core/Src/stm32f4xx_hal_msp.c ****   */
  88:Core/Src/stm32f4xx_hal_msp.c **** void HAL_SPI_MspInit(SPI_HandleTypeDef* hspi)
  89:Core/Src/stm32f4xx_hal_msp.c **** {
  94              		.loc 1 89 1 is_stmt 1 view -0
  95              		.cfi_startproc
  96              		@ args = 0, pretend = 0, frame = 32
  97              		@ frame_needed = 0, uses_anonymous_args = 0
  98              		.loc 1 89 1 is_stmt 0 view .LVU15
  99 0000 30B5     		push	{r4, r5, lr}
 100              	.LCFI2:
 101              		.cfi_def_cfa_offset 12
 102              		.cfi_offset 4, -12
 103              		.cfi_offset 5, -8
 104              		.cfi_offset 14, -4
 105 0002 89B0     		sub	sp, sp, #36
 106              	.LCFI3:
 107              		.cfi_def_cfa_offset 48
  90:Core/Src/stm32f4xx_hal_msp.c ****   GPIO_InitTypeDef GPIO_InitStruct = {0};
 108              		.loc 1 90 3 is_stmt 1 view .LVU16
 109              		.loc 1 90 20 is_stmt 0 view .LVU17
 110 0004 0023     		movs	r3, #0
 111 0006 0393     		str	r3, [sp, #12]
 112 0008 0493     		str	r3, [sp, #16]
 113 000a 0593     		str	r3, [sp, #20]
 114 000c 0693     		str	r3, [sp, #24]
 115 000e 0793     		str	r3, [sp, #28]
  91:Core/Src/stm32f4xx_hal_msp.c ****   if(hspi->Instance==SPI1)
 116              		.loc 1 91 3 is_stmt 1 view .LVU18
 117              		.loc 1 91 10 is_stmt 0 view .LVU19
 118 0010 0268     		ldr	r2, [r0]
 119              		.loc 1 91 5 view .LVU20
 120 0012 394B     		ldr	r3, .L13
 121 0014 9A42     		cmp	r2, r3
 122 0016 01D0     		beq	.L10
 123              	.LVL1:
 124              	.L5:
  92:Core/Src/stm32f4xx_hal_msp.c ****   {
  93:Core/Src/stm32f4xx_hal_msp.c ****     /* USER CODE BEGIN SPI1_MspInit 0 */
  94:Core/Src/stm32f4xx_hal_msp.c **** 
  95:Core/Src/stm32f4xx_hal_msp.c ****     /* USER CODE END SPI1_MspInit 0 */
  96:Core/Src/stm32f4xx_hal_msp.c ****     /* Peripheral clock enable */
  97:Core/Src/stm32f4xx_hal_msp.c ****     __HAL_RCC_SPI1_CLK_ENABLE();
  98:Core/Src/stm32f4xx_hal_msp.c **** 
  99:Core/Src/stm32f4xx_hal_msp.c ****     __HAL_RCC_GPIOA_CLK_ENABLE();
 100:Core/Src/stm32f4xx_hal_msp.c ****     /**SPI1 GPIO Configuration
 101:Core/Src/stm32f4xx_hal_msp.c ****     PA5     ------> SPI1_SCK
 102:Core/Src/stm32f4xx_hal_msp.c ****     PA6     ------> SPI1_MISO
 103:Core/Src/stm32f4xx_hal_msp.c ****     PA7     ------> SPI1_MOSI
 104:Core/Src/stm32f4xx_hal_msp.c ****     */
 105:Core/Src/stm32f4xx_hal_msp.c ****     GPIO_InitStruct.Pin = GPIO_PIN_5|GPIO_PIN_6|GPIO_PIN_7;
 106:Core/Src/stm32f4xx_hal_msp.c ****     GPIO_InitStruct.Mode = GPIO_MODE_AF_PP;
 107:Core/Src/stm32f4xx_hal_msp.c ****     GPIO_InitStruct.Pull = GPIO_NOPULL;
ARM GAS  C:\Users\SOHUMD~1\AppData\Local\Temp\cc4drjc6.s 			page 5


 108:Core/Src/stm32f4xx_hal_msp.c ****     GPIO_InitStruct.Speed = GPIO_SPEED_FREQ_VERY_HIGH;
 109:Core/Src/stm32f4xx_hal_msp.c ****     GPIO_InitStruct.Alternate = GPIO_AF5_SPI1;
 110:Core/Src/stm32f4xx_hal_msp.c ****     HAL_GPIO_Init(GPIOA, &GPIO_InitStruct);
 111:Core/Src/stm32f4xx_hal_msp.c **** 
 112:Core/Src/stm32f4xx_hal_msp.c ****     /* SPI1 DMA Init */
 113:Core/Src/stm32f4xx_hal_msp.c ****     /* SPI1_RX Init */
 114:Core/Src/stm32f4xx_hal_msp.c ****     hdma_spi1_rx.Instance = DMA2_Stream0;
 115:Core/Src/stm32f4xx_hal_msp.c ****     hdma_spi1_rx.Init.Channel = DMA_CHANNEL_3;
 116:Core/Src/stm32f4xx_hal_msp.c ****     hdma_spi1_rx.Init.Direction = DMA_PERIPH_TO_MEMORY;
 117:Core/Src/stm32f4xx_hal_msp.c ****     hdma_spi1_rx.Init.PeriphInc = DMA_PINC_DISABLE;
 118:Core/Src/stm32f4xx_hal_msp.c ****     hdma_spi1_rx.Init.MemInc = DMA_MINC_ENABLE;
 119:Core/Src/stm32f4xx_hal_msp.c ****     hdma_spi1_rx.Init.PeriphDataAlignment = DMA_PDATAALIGN_BYTE;
 120:Core/Src/stm32f4xx_hal_msp.c ****     hdma_spi1_rx.Init.MemDataAlignment = DMA_MDATAALIGN_BYTE;
 121:Core/Src/stm32f4xx_hal_msp.c ****     hdma_spi1_rx.Init.Mode = DMA_NORMAL;
 122:Core/Src/stm32f4xx_hal_msp.c ****     hdma_spi1_rx.Init.Priority = DMA_PRIORITY_HIGH;
 123:Core/Src/stm32f4xx_hal_msp.c ****     hdma_spi1_rx.Init.FIFOMode = DMA_FIFOMODE_DISABLE;
 124:Core/Src/stm32f4xx_hal_msp.c ****     if (HAL_DMA_Init(&hdma_spi1_rx) != HAL_OK)
 125:Core/Src/stm32f4xx_hal_msp.c ****     {
 126:Core/Src/stm32f4xx_hal_msp.c ****       Error_Handler();
 127:Core/Src/stm32f4xx_hal_msp.c ****     }
 128:Core/Src/stm32f4xx_hal_msp.c **** 
 129:Core/Src/stm32f4xx_hal_msp.c ****     __HAL_LINKDMA(hspi,hdmarx,hdma_spi1_rx);
 130:Core/Src/stm32f4xx_hal_msp.c **** 
 131:Core/Src/stm32f4xx_hal_msp.c ****     /* SPI1_TX Init */
 132:Core/Src/stm32f4xx_hal_msp.c ****     hdma_spi1_tx.Instance = DMA2_Stream2;
 133:Core/Src/stm32f4xx_hal_msp.c ****     hdma_spi1_tx.Init.Channel = DMA_CHANNEL_2;
 134:Core/Src/stm32f4xx_hal_msp.c ****     hdma_spi1_tx.Init.Direction = DMA_MEMORY_TO_PERIPH;
 135:Core/Src/stm32f4xx_hal_msp.c ****     hdma_spi1_tx.Init.PeriphInc = DMA_PINC_DISABLE;
 136:Core/Src/stm32f4xx_hal_msp.c ****     hdma_spi1_tx.Init.MemInc = DMA_MINC_ENABLE;
 137:Core/Src/stm32f4xx_hal_msp.c ****     hdma_spi1_tx.Init.PeriphDataAlignment = DMA_PDATAALIGN_BYTE;
 138:Core/Src/stm32f4xx_hal_msp.c ****     hdma_spi1_tx.Init.MemDataAlignment = DMA_MDATAALIGN_BYTE;
 139:Core/Src/stm32f4xx_hal_msp.c ****     hdma_spi1_tx.Init.Mode = DMA_NORMAL;
 140:Core/Src/stm32f4xx_hal_msp.c ****     hdma_spi1_tx.Init.Priority = DMA_PRIORITY_HIGH;
 141:Core/Src/stm32f4xx_hal_msp.c ****     hdma_spi1_tx.Init.FIFOMode = DMA_FIFOMODE_DISABLE;
 142:Core/Src/stm32f4xx_hal_msp.c ****     if (HAL_DMA_Init(&hdma_spi1_tx) != HAL_OK)
 143:Core/Src/stm32f4xx_hal_msp.c ****     {
 144:Core/Src/stm32f4xx_hal_msp.c ****       Error_Handler();
 145:Core/Src/stm32f4xx_hal_msp.c ****     }
 146:Core/Src/stm32f4xx_hal_msp.c **** 
 147:Core/Src/stm32f4xx_hal_msp.c ****     __HAL_LINKDMA(hspi,hdmatx,hdma_spi1_tx);
 148:Core/Src/stm32f4xx_hal_msp.c **** 
 149:Core/Src/stm32f4xx_hal_msp.c ****     /* SPI1 interrupt Init */
 150:Core/Src/stm32f4xx_hal_msp.c ****     HAL_NVIC_SetPriority(SPI1_IRQn, 0, 0);
 151:Core/Src/stm32f4xx_hal_msp.c ****     HAL_NVIC_EnableIRQ(SPI1_IRQn);
 152:Core/Src/stm32f4xx_hal_msp.c ****     /* USER CODE BEGIN SPI1_MspInit 1 */
 153:Core/Src/stm32f4xx_hal_msp.c ****     /* Without this, SPI_IT_ERR (OVR/MODF/CRC/FRE) raised during DMA transfers is never serviced,
 154:Core/Src/stm32f4xx_hal_msp.c ****        so HAL_SPI_ErrorCallback never fires for those errors. */
 155:Core/Src/stm32f4xx_hal_msp.c ****     HAL_NVIC_SetPriority(SPI1_IRQn, 0, 0);
 156:Core/Src/stm32f4xx_hal_msp.c ****     HAL_NVIC_EnableIRQ(SPI1_IRQn);
 157:Core/Src/stm32f4xx_hal_msp.c ****     /* USER CODE END SPI1_MspInit 1 */
 158:Core/Src/stm32f4xx_hal_msp.c **** 
 159:Core/Src/stm32f4xx_hal_msp.c ****   }
 160:Core/Src/stm32f4xx_hal_msp.c **** 
 161:Core/Src/stm32f4xx_hal_msp.c **** }
 125              		.loc 1 161 1 view .LVU21
 126 0018 09B0     		add	sp, sp, #36
 127              	.LCFI4:
ARM GAS  C:\Users\SOHUMD~1\AppData\Local\Temp\cc4drjc6.s 			page 6


 128              		.cfi_remember_state
 129              		.cfi_def_cfa_offset 12
 130              		@ sp needed
 131 001a 30BD     		pop	{r4, r5, pc}
 132              	.LVL2:
 133              	.L10:
 134              	.LCFI5:
 135              		.cfi_restore_state
 136              		.loc 1 161 1 view .LVU22
 137 001c 0446     		mov	r4, r0
  97:Core/Src/stm32f4xx_hal_msp.c **** 
 138              		.loc 1 97 5 is_stmt 1 view .LVU23
 139              	.LBB4:
  97:Core/Src/stm32f4xx_hal_msp.c **** 
 140              		.loc 1 97 5 view .LVU24
 141 001e 0025     		movs	r5, #0
 142 0020 0195     		str	r5, [sp, #4]
  97:Core/Src/stm32f4xx_hal_msp.c **** 
 143              		.loc 1 97 5 view .LVU25
 144 0022 03F58433 		add	r3, r3, #67584
 145 0026 5A6C     		ldr	r2, [r3, #68]
 146 0028 42F48052 		orr	r2, r2, #4096
 147 002c 5A64     		str	r2, [r3, #68]
  97:Core/Src/stm32f4xx_hal_msp.c **** 
 148              		.loc 1 97 5 view .LVU26
 149 002e 5A6C     		ldr	r2, [r3, #68]
 150 0030 02F48052 		and	r2, r2, #4096
 151 0034 0192     		str	r2, [sp, #4]
  97:Core/Src/stm32f4xx_hal_msp.c **** 
 152              		.loc 1 97 5 view .LVU27
 153 0036 019A     		ldr	r2, [sp, #4]
 154              	.LBE4:
  97:Core/Src/stm32f4xx_hal_msp.c **** 
 155              		.loc 1 97 5 view .LVU28
  99:Core/Src/stm32f4xx_hal_msp.c ****     /**SPI1 GPIO Configuration
 156              		.loc 1 99 5 view .LVU29
 157              	.LBB5:
  99:Core/Src/stm32f4xx_hal_msp.c ****     /**SPI1 GPIO Configuration
 158              		.loc 1 99 5 view .LVU30
 159 0038 0295     		str	r5, [sp, #8]
  99:Core/Src/stm32f4xx_hal_msp.c ****     /**SPI1 GPIO Configuration
 160              		.loc 1 99 5 view .LVU31
 161 003a 1A6B     		ldr	r2, [r3, #48]
 162 003c 42F00102 		orr	r2, r2, #1
 163 0040 1A63     		str	r2, [r3, #48]
  99:Core/Src/stm32f4xx_hal_msp.c ****     /**SPI1 GPIO Configuration
 164              		.loc 1 99 5 view .LVU32
 165 0042 1B6B     		ldr	r3, [r3, #48]
 166 0044 03F00103 		and	r3, r3, #1
 167 0048 0293     		str	r3, [sp, #8]
  99:Core/Src/stm32f4xx_hal_msp.c ****     /**SPI1 GPIO Configuration
 168              		.loc 1 99 5 view .LVU33
 169 004a 029B     		ldr	r3, [sp, #8]
 170              	.LBE5:
  99:Core/Src/stm32f4xx_hal_msp.c ****     /**SPI1 GPIO Configuration
 171              		.loc 1 99 5 view .LVU34
 105:Core/Src/stm32f4xx_hal_msp.c ****     GPIO_InitStruct.Mode = GPIO_MODE_AF_PP;
ARM GAS  C:\Users\SOHUMD~1\AppData\Local\Temp\cc4drjc6.s 			page 7


 172              		.loc 1 105 5 view .LVU35
 105:Core/Src/stm32f4xx_hal_msp.c ****     GPIO_InitStruct.Mode = GPIO_MODE_AF_PP;
 173              		.loc 1 105 25 is_stmt 0 view .LVU36
 174 004c E023     		movs	r3, #224
 175 004e 0393     		str	r3, [sp, #12]
 106:Core/Src/stm32f4xx_hal_msp.c ****     GPIO_InitStruct.Pull = GPIO_NOPULL;
 176              		.loc 1 106 5 is_stmt 1 view .LVU37
 106:Core/Src/stm32f4xx_hal_msp.c ****     GPIO_InitStruct.Pull = GPIO_NOPULL;
 177              		.loc 1 106 26 is_stmt 0 view .LVU38
 178 0050 0223     		movs	r3, #2
 179 0052 0493     		str	r3, [sp, #16]
 107:Core/Src/stm32f4xx_hal_msp.c ****     GPIO_InitStruct.Speed = GPIO_SPEED_FREQ_VERY_HIGH;
 180              		.loc 1 107 5 is_stmt 1 view .LVU39
 108:Core/Src/stm32f4xx_hal_msp.c ****     GPIO_InitStruct.Alternate = GPIO_AF5_SPI1;
 181              		.loc 1 108 5 view .LVU40
 108:Core/Src/stm32f4xx_hal_msp.c ****     GPIO_InitStruct.Alternate = GPIO_AF5_SPI1;
 182              		.loc 1 108 27 is_stmt 0 view .LVU41
 183 0054 0323     		movs	r3, #3
 184 0056 0693     		str	r3, [sp, #24]
 109:Core/Src/stm32f4xx_hal_msp.c ****     HAL_GPIO_Init(GPIOA, &GPIO_InitStruct);
 185              		.loc 1 109 5 is_stmt 1 view .LVU42
 109:Core/Src/stm32f4xx_hal_msp.c ****     HAL_GPIO_Init(GPIOA, &GPIO_InitStruct);
 186              		.loc 1 109 31 is_stmt 0 view .LVU43
 187 0058 0523     		movs	r3, #5
 188 005a 0793     		str	r3, [sp, #28]
 110:Core/Src/stm32f4xx_hal_msp.c **** 
 189              		.loc 1 110 5 is_stmt 1 view .LVU44
 190 005c 03A9     		add	r1, sp, #12
 191 005e 2748     		ldr	r0, .L13+4
 192              	.LVL3:
 110:Core/Src/stm32f4xx_hal_msp.c **** 
 193              		.loc 1 110 5 is_stmt 0 view .LVU45
 194 0060 FFF7FEFF 		bl	HAL_GPIO_Init
 195              	.LVL4:
 114:Core/Src/stm32f4xx_hal_msp.c ****     hdma_spi1_rx.Init.Channel = DMA_CHANNEL_3;
 196              		.loc 1 114 5 is_stmt 1 view .LVU46
 114:Core/Src/stm32f4xx_hal_msp.c ****     hdma_spi1_rx.Init.Channel = DMA_CHANNEL_3;
 197              		.loc 1 114 27 is_stmt 0 view .LVU47
 198 0064 2648     		ldr	r0, .L13+8
 199 0066 274B     		ldr	r3, .L13+12
 200 0068 0360     		str	r3, [r0]
 115:Core/Src/stm32f4xx_hal_msp.c ****     hdma_spi1_rx.Init.Direction = DMA_PERIPH_TO_MEMORY;
 201              		.loc 1 115 5 is_stmt 1 view .LVU48
 115:Core/Src/stm32f4xx_hal_msp.c ****     hdma_spi1_rx.Init.Direction = DMA_PERIPH_TO_MEMORY;
 202              		.loc 1 115 31 is_stmt 0 view .LVU49
 203 006a 4FF0C063 		mov	r3, #100663296
 204 006e 4360     		str	r3, [r0, #4]
 116:Core/Src/stm32f4xx_hal_msp.c ****     hdma_spi1_rx.Init.PeriphInc = DMA_PINC_DISABLE;
 205              		.loc 1 116 5 is_stmt 1 view .LVU50
 116:Core/Src/stm32f4xx_hal_msp.c ****     hdma_spi1_rx.Init.PeriphInc = DMA_PINC_DISABLE;
 206              		.loc 1 116 33 is_stmt 0 view .LVU51
 207 0070 8560     		str	r5, [r0, #8]
 117:Core/Src/stm32f4xx_hal_msp.c ****     hdma_spi1_rx.Init.MemInc = DMA_MINC_ENABLE;
 208              		.loc 1 117 5 is_stmt 1 view .LVU52
 117:Core/Src/stm32f4xx_hal_msp.c ****     hdma_spi1_rx.Init.MemInc = DMA_MINC_ENABLE;
 209              		.loc 1 117 33 is_stmt 0 view .LVU53
 210 0072 C560     		str	r5, [r0, #12]
ARM GAS  C:\Users\SOHUMD~1\AppData\Local\Temp\cc4drjc6.s 			page 8


 118:Core/Src/stm32f4xx_hal_msp.c ****     hdma_spi1_rx.Init.PeriphDataAlignment = DMA_PDATAALIGN_BYTE;
 211              		.loc 1 118 5 is_stmt 1 view .LVU54
 118:Core/Src/stm32f4xx_hal_msp.c ****     hdma_spi1_rx.Init.PeriphDataAlignment = DMA_PDATAALIGN_BYTE;
 212              		.loc 1 118 30 is_stmt 0 view .LVU55
 213 0074 4FF48063 		mov	r3, #1024
 214 0078 0361     		str	r3, [r0, #16]
 119:Core/Src/stm32f4xx_hal_msp.c ****     hdma_spi1_rx.Init.MemDataAlignment = DMA_MDATAALIGN_BYTE;
 215              		.loc 1 119 5 is_stmt 1 view .LVU56
 119:Core/Src/stm32f4xx_hal_msp.c ****     hdma_spi1_rx.Init.MemDataAlignment = DMA_MDATAALIGN_BYTE;
 216              		.loc 1 119 43 is_stmt 0 view .LVU57
 217 007a 4561     		str	r5, [r0, #20]
 120:Core/Src/stm32f4xx_hal_msp.c ****     hdma_spi1_rx.Init.Mode = DMA_NORMAL;
 218              		.loc 1 120 5 is_stmt 1 view .LVU58
 120:Core/Src/stm32f4xx_hal_msp.c ****     hdma_spi1_rx.Init.Mode = DMA_NORMAL;
 219              		.loc 1 120 40 is_stmt 0 view .LVU59
 220 007c 8561     		str	r5, [r0, #24]
 121:Core/Src/stm32f4xx_hal_msp.c ****     hdma_spi1_rx.Init.Priority = DMA_PRIORITY_HIGH;
 221              		.loc 1 121 5 is_stmt 1 view .LVU60
 121:Core/Src/stm32f4xx_hal_msp.c ****     hdma_spi1_rx.Init.Priority = DMA_PRIORITY_HIGH;
 222              		.loc 1 121 28 is_stmt 0 view .LVU61
 223 007e C561     		str	r5, [r0, #28]
 122:Core/Src/stm32f4xx_hal_msp.c ****     hdma_spi1_rx.Init.FIFOMode = DMA_FIFOMODE_DISABLE;
 224              		.loc 1 122 5 is_stmt 1 view .LVU62
 122:Core/Src/stm32f4xx_hal_msp.c ****     hdma_spi1_rx.Init.FIFOMode = DMA_FIFOMODE_DISABLE;
 225              		.loc 1 122 32 is_stmt 0 view .LVU63
 226 0080 4FF40033 		mov	r3, #131072
 227 0084 0362     		str	r3, [r0, #32]
 123:Core/Src/stm32f4xx_hal_msp.c ****     if (HAL_DMA_Init(&hdma_spi1_rx) != HAL_OK)
 228              		.loc 1 123 5 is_stmt 1 view .LVU64
 123:Core/Src/stm32f4xx_hal_msp.c ****     if (HAL_DMA_Init(&hdma_spi1_rx) != HAL_OK)
 229              		.loc 1 123 32 is_stmt 0 view .LVU65
 230 0086 4562     		str	r5, [r0, #36]
 124:Core/Src/stm32f4xx_hal_msp.c ****     {
 231              		.loc 1 124 5 is_stmt 1 view .LVU66
 124:Core/Src/stm32f4xx_hal_msp.c ****     {
 232              		.loc 1 124 9 is_stmt 0 view .LVU67
 233 0088 FFF7FEFF 		bl	HAL_DMA_Init
 234              	.LVL5:
 124:Core/Src/stm32f4xx_hal_msp.c ****     {
 235              		.loc 1 124 8 view .LVU68
 236 008c 68BB     		cbnz	r0, .L11
 237              	.L7:
 129:Core/Src/stm32f4xx_hal_msp.c **** 
 238              		.loc 1 129 5 is_stmt 1 view .LVU69
 129:Core/Src/stm32f4xx_hal_msp.c **** 
 239              		.loc 1 129 5 view .LVU70
 240 008e 1C4B     		ldr	r3, .L13+8
 241 0090 E364     		str	r3, [r4, #76]
 129:Core/Src/stm32f4xx_hal_msp.c **** 
 242              		.loc 1 129 5 view .LVU71
 243 0092 9C63     		str	r4, [r3, #56]
 129:Core/Src/stm32f4xx_hal_msp.c **** 
 244              		.loc 1 129 5 view .LVU72
 132:Core/Src/stm32f4xx_hal_msp.c ****     hdma_spi1_tx.Init.Channel = DMA_CHANNEL_2;
 245              		.loc 1 132 5 view .LVU73
 132:Core/Src/stm32f4xx_hal_msp.c ****     hdma_spi1_tx.Init.Channel = DMA_CHANNEL_2;
 246              		.loc 1 132 27 is_stmt 0 view .LVU74
ARM GAS  C:\Users\SOHUMD~1\AppData\Local\Temp\cc4drjc6.s 			page 9


 247 0094 1C48     		ldr	r0, .L13+16
 248 0096 1D4B     		ldr	r3, .L13+20
 249 0098 0360     		str	r3, [r0]
 133:Core/Src/stm32f4xx_hal_msp.c ****     hdma_spi1_tx.Init.Direction = DMA_MEMORY_TO_PERIPH;
 250              		.loc 1 133 5 is_stmt 1 view .LVU75
 133:Core/Src/stm32f4xx_hal_msp.c ****     hdma_spi1_tx.Init.Direction = DMA_MEMORY_TO_PERIPH;
 251              		.loc 1 133 31 is_stmt 0 view .LVU76
 252 009a 4FF08063 		mov	r3, #67108864
 253 009e 4360     		str	r3, [r0, #4]
 134:Core/Src/stm32f4xx_hal_msp.c ****     hdma_spi1_tx.Init.PeriphInc = DMA_PINC_DISABLE;
 254              		.loc 1 134 5 is_stmt 1 view .LVU77
 134:Core/Src/stm32f4xx_hal_msp.c ****     hdma_spi1_tx.Init.PeriphInc = DMA_PINC_DISABLE;
 255              		.loc 1 134 33 is_stmt 0 view .LVU78
 256 00a0 4023     		movs	r3, #64
 257 00a2 8360     		str	r3, [r0, #8]
 135:Core/Src/stm32f4xx_hal_msp.c ****     hdma_spi1_tx.Init.MemInc = DMA_MINC_ENABLE;
 258              		.loc 1 135 5 is_stmt 1 view .LVU79
 135:Core/Src/stm32f4xx_hal_msp.c ****     hdma_spi1_tx.Init.MemInc = DMA_MINC_ENABLE;
 259              		.loc 1 135 33 is_stmt 0 view .LVU80
 260 00a4 0023     		movs	r3, #0
 261 00a6 C360     		str	r3, [r0, #12]
 136:Core/Src/stm32f4xx_hal_msp.c ****     hdma_spi1_tx.Init.PeriphDataAlignment = DMA_PDATAALIGN_BYTE;
 262              		.loc 1 136 5 is_stmt 1 view .LVU81
 136:Core/Src/stm32f4xx_hal_msp.c ****     hdma_spi1_tx.Init.PeriphDataAlignment = DMA_PDATAALIGN_BYTE;
 263              		.loc 1 136 30 is_stmt 0 view .LVU82
 264 00a8 4FF48062 		mov	r2, #1024
 265 00ac 0261     		str	r2, [r0, #16]
 137:Core/Src/stm32f4xx_hal_msp.c ****     hdma_spi1_tx.Init.MemDataAlignment = DMA_MDATAALIGN_BYTE;
 266              		.loc 1 137 5 is_stmt 1 view .LVU83
 137:Core/Src/stm32f4xx_hal_msp.c ****     hdma_spi1_tx.Init.MemDataAlignment = DMA_MDATAALIGN_BYTE;
 267              		.loc 1 137 43 is_stmt 0 view .LVU84
 268 00ae 4361     		str	r3, [r0, #20]
 138:Core/Src/stm32f4xx_hal_msp.c ****     hdma_spi1_tx.Init.Mode = DMA_NORMAL;
 269              		.loc 1 138 5 is_stmt 1 view .LVU85
 138:Core/Src/stm32f4xx_hal_msp.c ****     hdma_spi1_tx.Init.Mode = DMA_NORMAL;
 270              		.loc 1 138 40 is_stmt 0 view .LVU86
 271 00b0 8361     		str	r3, [r0, #24]
 139:Core/Src/stm32f4xx_hal_msp.c ****     hdma_spi1_tx.Init.Priority = DMA_PRIORITY_HIGH;
 272              		.loc 1 139 5 is_stmt 1 view .LVU87
 139:Core/Src/stm32f4xx_hal_msp.c ****     hdma_spi1_tx.Init.Priority = DMA_PRIORITY_HIGH;
 273              		.loc 1 139 28 is_stmt 0 view .LVU88
 274 00b2 C361     		str	r3, [r0, #28]
 140:Core/Src/stm32f4xx_hal_msp.c ****     hdma_spi1_tx.Init.FIFOMode = DMA_FIFOMODE_DISABLE;
 275              		.loc 1 140 5 is_stmt 1 view .LVU89
 140:Core/Src/stm32f4xx_hal_msp.c ****     hdma_spi1_tx.Init.FIFOMode = DMA_FIFOMODE_DISABLE;
 276              		.loc 1 140 32 is_stmt 0 view .LVU90
 277 00b4 4FF40032 		mov	r2, #131072
 278 00b8 0262     		str	r2, [r0, #32]
 141:Core/Src/stm32f4xx_hal_msp.c ****     if (HAL_DMA_Init(&hdma_spi1_tx) != HAL_OK)
 279              		.loc 1 141 5 is_stmt 1 view .LVU91
 141:Core/Src/stm32f4xx_hal_msp.c ****     if (HAL_DMA_Init(&hdma_spi1_tx) != HAL_OK)
 280              		.loc 1 141 32 is_stmt 0 view .LVU92
 281 00ba 4362     		str	r3, [r0, #36]
 142:Core/Src/stm32f4xx_hal_msp.c ****     {
 282              		.loc 1 142 5 is_stmt 1 view .LVU93
 142:Core/Src/stm32f4xx_hal_msp.c ****     {
 283              		.loc 1 142 9 is_stmt 0 view .LVU94
ARM GAS  C:\Users\SOHUMD~1\AppData\Local\Temp\cc4drjc6.s 			page 10


 284 00bc FFF7FEFF 		bl	HAL_DMA_Init
 285              	.LVL6:
 142:Core/Src/stm32f4xx_hal_msp.c ****     {
 286              		.loc 1 142 8 view .LVU95
 287 00c0 B0B9     		cbnz	r0, .L12
 288              	.L8:
 147:Core/Src/stm32f4xx_hal_msp.c **** 
 289              		.loc 1 147 5 is_stmt 1 view .LVU96
 147:Core/Src/stm32f4xx_hal_msp.c **** 
 290              		.loc 1 147 5 view .LVU97
 291 00c2 114B     		ldr	r3, .L13+16
 292 00c4 A364     		str	r3, [r4, #72]
 147:Core/Src/stm32f4xx_hal_msp.c **** 
 293              		.loc 1 147 5 view .LVU98
 294 00c6 9C63     		str	r4, [r3, #56]
 147:Core/Src/stm32f4xx_hal_msp.c **** 
 295              		.loc 1 147 5 view .LVU99
 150:Core/Src/stm32f4xx_hal_msp.c ****     HAL_NVIC_EnableIRQ(SPI1_IRQn);
 296              		.loc 1 150 5 view .LVU100
 297 00c8 0022     		movs	r2, #0
 298 00ca 1146     		mov	r1, r2
 299 00cc 2320     		movs	r0, #35
 300 00ce FFF7FEFF 		bl	HAL_NVIC_SetPriority
 301              	.LVL7:
 151:Core/Src/stm32f4xx_hal_msp.c ****     /* USER CODE BEGIN SPI1_MspInit 1 */
 302              		.loc 1 151 5 view .LVU101
 303 00d2 2320     		movs	r0, #35
 304 00d4 FFF7FEFF 		bl	HAL_NVIC_EnableIRQ
 305              	.LVL8:
 155:Core/Src/stm32f4xx_hal_msp.c ****     HAL_NVIC_EnableIRQ(SPI1_IRQn);
 306              		.loc 1 155 5 view .LVU102
 307 00d8 0022     		movs	r2, #0
 308 00da 1146     		mov	r1, r2
 309 00dc 2320     		movs	r0, #35
 310 00de FFF7FEFF 		bl	HAL_NVIC_SetPriority
 311              	.LVL9:
 156:Core/Src/stm32f4xx_hal_msp.c ****     /* USER CODE END SPI1_MspInit 1 */
 312              		.loc 1 156 5 view .LVU103
 313 00e2 2320     		movs	r0, #35
 314 00e4 FFF7FEFF 		bl	HAL_NVIC_EnableIRQ
 315              	.LVL10:
 316              		.loc 1 161 1 is_stmt 0 view .LVU104
 317 00e8 96E7     		b	.L5
 318              	.L11:
 126:Core/Src/stm32f4xx_hal_msp.c ****     }
 319              		.loc 1 126 7 is_stmt 1 view .LVU105
 320 00ea FFF7FEFF 		bl	Error_Handler
 321              	.LVL11:
 322 00ee CEE7     		b	.L7
 323              	.L12:
 144:Core/Src/stm32f4xx_hal_msp.c ****     }
 324              		.loc 1 144 7 view .LVU106
 325 00f0 FFF7FEFF 		bl	Error_Handler
 326              	.LVL12:
 327 00f4 E5E7     		b	.L8
 328              	.L14:
 329 00f6 00BF     		.align	2
ARM GAS  C:\Users\SOHUMD~1\AppData\Local\Temp\cc4drjc6.s 			page 11


 330              	.L13:
 331 00f8 00300140 		.word	1073819648
 332 00fc 00000240 		.word	1073872896
 333 0100 00000000 		.word	hdma_spi1_rx
 334 0104 10640240 		.word	1073898512
 335 0108 00000000 		.word	hdma_spi1_tx
 336 010c 40640240 		.word	1073898560
 337              		.cfi_endproc
 338              	.LFE135:
 340              		.section	.text.HAL_SPI_MspDeInit,"ax",%progbits
 341              		.align	1
 342              		.global	HAL_SPI_MspDeInit
 343              		.syntax unified
 344              		.thumb
 345              		.thumb_func
 347              	HAL_SPI_MspDeInit:
 348              	.LVL13:
 349              	.LFB136:
 162:Core/Src/stm32f4xx_hal_msp.c **** 
 163:Core/Src/stm32f4xx_hal_msp.c **** /**
 164:Core/Src/stm32f4xx_hal_msp.c ****   * @brief SPI MSP De-Initialization
 165:Core/Src/stm32f4xx_hal_msp.c ****   * This function freeze the hardware resources used in this example
 166:Core/Src/stm32f4xx_hal_msp.c ****   * @param hspi: SPI handle pointer
 167:Core/Src/stm32f4xx_hal_msp.c ****   * @retval None
 168:Core/Src/stm32f4xx_hal_msp.c ****   */
 169:Core/Src/stm32f4xx_hal_msp.c **** void HAL_SPI_MspDeInit(SPI_HandleTypeDef* hspi)
 170:Core/Src/stm32f4xx_hal_msp.c **** {
 350              		.loc 1 170 1 view -0
 351              		.cfi_startproc
 352              		@ args = 0, pretend = 0, frame = 0
 353              		@ frame_needed = 0, uses_anonymous_args = 0
 171:Core/Src/stm32f4xx_hal_msp.c ****   if(hspi->Instance==SPI1)
 354              		.loc 1 171 3 view .LVU108
 355              		.loc 1 171 10 is_stmt 0 view .LVU109
 356 0000 0268     		ldr	r2, [r0]
 357              		.loc 1 171 5 view .LVU110
 358 0002 0C4B     		ldr	r3, .L22
 359 0004 9A42     		cmp	r2, r3
 360 0006 00D0     		beq	.L21
 361 0008 7047     		bx	lr
 362              	.L21:
 170:Core/Src/stm32f4xx_hal_msp.c ****   if(hspi->Instance==SPI1)
 363              		.loc 1 170 1 view .LVU111
 364 000a 10B5     		push	{r4, lr}
 365              	.LCFI6:
 366              		.cfi_def_cfa_offset 8
 367              		.cfi_offset 4, -8
 368              		.cfi_offset 14, -4
 369 000c 0446     		mov	r4, r0
 172:Core/Src/stm32f4xx_hal_msp.c ****   {
 173:Core/Src/stm32f4xx_hal_msp.c ****     /* USER CODE BEGIN SPI1_MspDeInit 0 */
 174:Core/Src/stm32f4xx_hal_msp.c **** 
 175:Core/Src/stm32f4xx_hal_msp.c ****     /* USER CODE END SPI1_MspDeInit 0 */
 176:Core/Src/stm32f4xx_hal_msp.c ****     /* Peripheral clock disable */
 177:Core/Src/stm32f4xx_hal_msp.c ****     __HAL_RCC_SPI1_CLK_DISABLE();
 370              		.loc 1 177 5 is_stmt 1 view .LVU112
 371 000e 0A4A     		ldr	r2, .L22+4
ARM GAS  C:\Users\SOHUMD~1\AppData\Local\Temp\cc4drjc6.s 			page 12


 372 0010 536C     		ldr	r3, [r2, #68]
 373 0012 23F48053 		bic	r3, r3, #4096
 374 0016 5364     		str	r3, [r2, #68]
 178:Core/Src/stm32f4xx_hal_msp.c **** 
 179:Core/Src/stm32f4xx_hal_msp.c ****     /**SPI1 GPIO Configuration
 180:Core/Src/stm32f4xx_hal_msp.c ****     PA5     ------> SPI1_SCK
 181:Core/Src/stm32f4xx_hal_msp.c ****     PA6     ------> SPI1_MISO
 182:Core/Src/stm32f4xx_hal_msp.c ****     PA7     ------> SPI1_MOSI
 183:Core/Src/stm32f4xx_hal_msp.c ****     */
 184:Core/Src/stm32f4xx_hal_msp.c ****     HAL_GPIO_DeInit(GPIOA, GPIO_PIN_5|GPIO_PIN_6|GPIO_PIN_7);
 375              		.loc 1 184 5 view .LVU113
 376 0018 E021     		movs	r1, #224
 377 001a 0848     		ldr	r0, .L22+8
 378              	.LVL14:
 379              		.loc 1 184 5 is_stmt 0 view .LVU114
 380 001c FFF7FEFF 		bl	HAL_GPIO_DeInit
 381              	.LVL15:
 185:Core/Src/stm32f4xx_hal_msp.c **** 
 186:Core/Src/stm32f4xx_hal_msp.c ****     /* SPI1 DMA DeInit */
 187:Core/Src/stm32f4xx_hal_msp.c ****     HAL_DMA_DeInit(hspi->hdmarx);
 382              		.loc 1 187 5 is_stmt 1 view .LVU115
 383 0020 E06C     		ldr	r0, [r4, #76]
 384 0022 FFF7FEFF 		bl	HAL_DMA_DeInit
 385              	.LVL16:
 188:Core/Src/stm32f4xx_hal_msp.c ****     HAL_DMA_DeInit(hspi->hdmatx);
 386              		.loc 1 188 5 view .LVU116
 387 0026 A06C     		ldr	r0, [r4, #72]
 388 0028 FFF7FEFF 		bl	HAL_DMA_DeInit
 389              	.LVL17:
 189:Core/Src/stm32f4xx_hal_msp.c **** 
 190:Core/Src/stm32f4xx_hal_msp.c ****     /* SPI1 interrupt DeInit */
 191:Core/Src/stm32f4xx_hal_msp.c ****     HAL_NVIC_DisableIRQ(SPI1_IRQn);
 390              		.loc 1 191 5 view .LVU117
 391 002c 2320     		movs	r0, #35
 392 002e FFF7FEFF 		bl	HAL_NVIC_DisableIRQ
 393              	.LVL18:
 192:Core/Src/stm32f4xx_hal_msp.c ****     /* USER CODE BEGIN SPI1_MspDeInit 1 */
 193:Core/Src/stm32f4xx_hal_msp.c **** 
 194:Core/Src/stm32f4xx_hal_msp.c ****     /* USER CODE END SPI1_MspDeInit 1 */
 195:Core/Src/stm32f4xx_hal_msp.c ****   }
 196:Core/Src/stm32f4xx_hal_msp.c **** 
 197:Core/Src/stm32f4xx_hal_msp.c **** }
 394              		.loc 1 197 1 is_stmt 0 view .LVU118
 395 0032 10BD     		pop	{r4, pc}
 396              	.LVL19:
 397              	.L23:
 398              		.loc 1 197 1 view .LVU119
 399              		.align	2
 400              	.L22:
 401 0034 00300140 		.word	1073819648
 402 0038 00380240 		.word	1073887232
 403 003c 00000240 		.word	1073872896
 404              		.cfi_endproc
 405              	.LFE136:
 407              		.section	.text.HAL_UART_MspInit,"ax",%progbits
 408              		.align	1
 409              		.global	HAL_UART_MspInit
ARM GAS  C:\Users\SOHUMD~1\AppData\Local\Temp\cc4drjc6.s 			page 13


 410              		.syntax unified
 411              		.thumb
 412              		.thumb_func
 414              	HAL_UART_MspInit:
 415              	.LVL20:
 416              	.LFB137:
 198:Core/Src/stm32f4xx_hal_msp.c **** 
 199:Core/Src/stm32f4xx_hal_msp.c **** /**
 200:Core/Src/stm32f4xx_hal_msp.c ****   * @brief UART MSP Initialization
 201:Core/Src/stm32f4xx_hal_msp.c ****   * This function configures the hardware resources used in this example
 202:Core/Src/stm32f4xx_hal_msp.c ****   * @param huart: UART handle pointer
 203:Core/Src/stm32f4xx_hal_msp.c ****   * @retval None
 204:Core/Src/stm32f4xx_hal_msp.c ****   */
 205:Core/Src/stm32f4xx_hal_msp.c **** void HAL_UART_MspInit(UART_HandleTypeDef* huart)
 206:Core/Src/stm32f4xx_hal_msp.c **** {
 417              		.loc 1 206 1 is_stmt 1 view -0
 418              		.cfi_startproc
 419              		@ args = 0, pretend = 0, frame = 32
 420              		@ frame_needed = 0, uses_anonymous_args = 0
 421              		.loc 1 206 1 is_stmt 0 view .LVU121
 422 0000 00B5     		push	{lr}
 423              	.LCFI7:
 424              		.cfi_def_cfa_offset 4
 425              		.cfi_offset 14, -4
 426 0002 89B0     		sub	sp, sp, #36
 427              	.LCFI8:
 428              		.cfi_def_cfa_offset 40
 207:Core/Src/stm32f4xx_hal_msp.c ****   GPIO_InitTypeDef GPIO_InitStruct = {0};
 429              		.loc 1 207 3 is_stmt 1 view .LVU122
 430              		.loc 1 207 20 is_stmt 0 view .LVU123
 431 0004 0023     		movs	r3, #0
 432 0006 0393     		str	r3, [sp, #12]
 433 0008 0493     		str	r3, [sp, #16]
 434 000a 0593     		str	r3, [sp, #20]
 435 000c 0693     		str	r3, [sp, #24]
 436 000e 0793     		str	r3, [sp, #28]
 208:Core/Src/stm32f4xx_hal_msp.c ****   if(huart->Instance==USART2)
 437              		.loc 1 208 3 is_stmt 1 view .LVU124
 438              		.loc 1 208 11 is_stmt 0 view .LVU125
 439 0010 0268     		ldr	r2, [r0]
 440              		.loc 1 208 5 view .LVU126
 441 0012 154B     		ldr	r3, .L28
 442 0014 9A42     		cmp	r2, r3
 443 0016 02D0     		beq	.L27
 444              	.LVL21:
 445              	.L24:
 209:Core/Src/stm32f4xx_hal_msp.c ****   {
 210:Core/Src/stm32f4xx_hal_msp.c ****     /* USER CODE BEGIN USART2_MspInit 0 */
 211:Core/Src/stm32f4xx_hal_msp.c **** 
 212:Core/Src/stm32f4xx_hal_msp.c ****     /* USER CODE END USART2_MspInit 0 */
 213:Core/Src/stm32f4xx_hal_msp.c ****     /* Peripheral clock enable */
 214:Core/Src/stm32f4xx_hal_msp.c ****     __HAL_RCC_USART2_CLK_ENABLE();
 215:Core/Src/stm32f4xx_hal_msp.c **** 
 216:Core/Src/stm32f4xx_hal_msp.c ****     __HAL_RCC_GPIOA_CLK_ENABLE();
 217:Core/Src/stm32f4xx_hal_msp.c ****     /**USART2 GPIO Configuration
 218:Core/Src/stm32f4xx_hal_msp.c ****     PA2     ------> USART2_TX
 219:Core/Src/stm32f4xx_hal_msp.c ****     PA3     ------> USART2_RX
ARM GAS  C:\Users\SOHUMD~1\AppData\Local\Temp\cc4drjc6.s 			page 14


 220:Core/Src/stm32f4xx_hal_msp.c ****     */
 221:Core/Src/stm32f4xx_hal_msp.c ****     GPIO_InitStruct.Pin = GPIO_PIN_2|GPIO_PIN_3;
 222:Core/Src/stm32f4xx_hal_msp.c ****     GPIO_InitStruct.Mode = GPIO_MODE_AF_PP;
 223:Core/Src/stm32f4xx_hal_msp.c ****     GPIO_InitStruct.Pull = GPIO_NOPULL;
 224:Core/Src/stm32f4xx_hal_msp.c ****     GPIO_InitStruct.Speed = GPIO_SPEED_FREQ_VERY_HIGH;
 225:Core/Src/stm32f4xx_hal_msp.c ****     GPIO_InitStruct.Alternate = GPIO_AF7_USART2;
 226:Core/Src/stm32f4xx_hal_msp.c ****     HAL_GPIO_Init(GPIOA, &GPIO_InitStruct);
 227:Core/Src/stm32f4xx_hal_msp.c **** 
 228:Core/Src/stm32f4xx_hal_msp.c ****     /* USER CODE BEGIN USART2_MspInit 1 */
 229:Core/Src/stm32f4xx_hal_msp.c **** 
 230:Core/Src/stm32f4xx_hal_msp.c ****     /* USER CODE END USART2_MspInit 1 */
 231:Core/Src/stm32f4xx_hal_msp.c **** 
 232:Core/Src/stm32f4xx_hal_msp.c ****   }
 233:Core/Src/stm32f4xx_hal_msp.c **** 
 234:Core/Src/stm32f4xx_hal_msp.c **** }
 446              		.loc 1 234 1 view .LVU127
 447 0018 09B0     		add	sp, sp, #36
 448              	.LCFI9:
 449              		.cfi_remember_state
 450              		.cfi_def_cfa_offset 4
 451              		@ sp needed
 452 001a 5DF804FB 		ldr	pc, [sp], #4
 453              	.LVL22:
 454              	.L27:
 455              	.LCFI10:
 456              		.cfi_restore_state
 214:Core/Src/stm32f4xx_hal_msp.c **** 
 457              		.loc 1 214 5 is_stmt 1 view .LVU128
 458              	.LBB6:
 214:Core/Src/stm32f4xx_hal_msp.c **** 
 459              		.loc 1 214 5 view .LVU129
 460 001e 0021     		movs	r1, #0
 461 0020 0191     		str	r1, [sp, #4]
 214:Core/Src/stm32f4xx_hal_msp.c **** 
 462              		.loc 1 214 5 view .LVU130
 463 0022 03F5FA33 		add	r3, r3, #128000
 464 0026 1A6C     		ldr	r2, [r3, #64]
 465 0028 42F40032 		orr	r2, r2, #131072
 466 002c 1A64     		str	r2, [r3, #64]
 214:Core/Src/stm32f4xx_hal_msp.c **** 
 467              		.loc 1 214 5 view .LVU131
 468 002e 1A6C     		ldr	r2, [r3, #64]
 469 0030 02F40032 		and	r2, r2, #131072
 470 0034 0192     		str	r2, [sp, #4]
 214:Core/Src/stm32f4xx_hal_msp.c **** 
 471              		.loc 1 214 5 view .LVU132
 472 0036 019A     		ldr	r2, [sp, #4]
 473              	.LBE6:
 214:Core/Src/stm32f4xx_hal_msp.c **** 
 474              		.loc 1 214 5 view .LVU133
 216:Core/Src/stm32f4xx_hal_msp.c ****     /**USART2 GPIO Configuration
 475              		.loc 1 216 5 view .LVU134
 476              	.LBB7:
 216:Core/Src/stm32f4xx_hal_msp.c ****     /**USART2 GPIO Configuration
 477              		.loc 1 216 5 view .LVU135
 478 0038 0291     		str	r1, [sp, #8]
 216:Core/Src/stm32f4xx_hal_msp.c ****     /**USART2 GPIO Configuration
ARM GAS  C:\Users\SOHUMD~1\AppData\Local\Temp\cc4drjc6.s 			page 15


 479              		.loc 1 216 5 view .LVU136
 480 003a 1A6B     		ldr	r2, [r3, #48]
 481 003c 42F00102 		orr	r2, r2, #1
 482 0040 1A63     		str	r2, [r3, #48]
 216:Core/Src/stm32f4xx_hal_msp.c ****     /**USART2 GPIO Configuration
 483              		.loc 1 216 5 view .LVU137
 484 0042 1B6B     		ldr	r3, [r3, #48]
 485 0044 03F00103 		and	r3, r3, #1
 486 0048 0293     		str	r3, [sp, #8]
 216:Core/Src/stm32f4xx_hal_msp.c ****     /**USART2 GPIO Configuration
 487              		.loc 1 216 5 view .LVU138
 488 004a 029B     		ldr	r3, [sp, #8]
 489              	.LBE7:
 216:Core/Src/stm32f4xx_hal_msp.c ****     /**USART2 GPIO Configuration
 490              		.loc 1 216 5 view .LVU139
 221:Core/Src/stm32f4xx_hal_msp.c ****     GPIO_InitStruct.Mode = GPIO_MODE_AF_PP;
 491              		.loc 1 221 5 view .LVU140
 221:Core/Src/stm32f4xx_hal_msp.c ****     GPIO_InitStruct.Mode = GPIO_MODE_AF_PP;
 492              		.loc 1 221 25 is_stmt 0 view .LVU141
 493 004c 0C23     		movs	r3, #12
 494 004e 0393     		str	r3, [sp, #12]
 222:Core/Src/stm32f4xx_hal_msp.c ****     GPIO_InitStruct.Pull = GPIO_NOPULL;
 495              		.loc 1 222 5 is_stmt 1 view .LVU142
 222:Core/Src/stm32f4xx_hal_msp.c ****     GPIO_InitStruct.Pull = GPIO_NOPULL;
 496              		.loc 1 222 26 is_stmt 0 view .LVU143
 497 0050 0223     		movs	r3, #2
 498 0052 0493     		str	r3, [sp, #16]
 223:Core/Src/stm32f4xx_hal_msp.c ****     GPIO_InitStruct.Speed = GPIO_SPEED_FREQ_VERY_HIGH;
 499              		.loc 1 223 5 is_stmt 1 view .LVU144
 224:Core/Src/stm32f4xx_hal_msp.c ****     GPIO_InitStruct.Alternate = GPIO_AF7_USART2;
 500              		.loc 1 224 5 view .LVU145
 224:Core/Src/stm32f4xx_hal_msp.c ****     GPIO_InitStruct.Alternate = GPIO_AF7_USART2;
 501              		.loc 1 224 27 is_stmt 0 view .LVU146
 502 0054 0323     		movs	r3, #3
 503 0056 0693     		str	r3, [sp, #24]
 225:Core/Src/stm32f4xx_hal_msp.c ****     HAL_GPIO_Init(GPIOA, &GPIO_InitStruct);
 504              		.loc 1 225 5 is_stmt 1 view .LVU147
 225:Core/Src/stm32f4xx_hal_msp.c ****     HAL_GPIO_Init(GPIOA, &GPIO_InitStruct);
 505              		.loc 1 225 31 is_stmt 0 view .LVU148
 506 0058 0723     		movs	r3, #7
 507 005a 0793     		str	r3, [sp, #28]
 226:Core/Src/stm32f4xx_hal_msp.c **** 
 508              		.loc 1 226 5 is_stmt 1 view .LVU149
 509 005c 03A9     		add	r1, sp, #12
 510 005e 0348     		ldr	r0, .L28+4
 511              	.LVL23:
 226:Core/Src/stm32f4xx_hal_msp.c **** 
 512              		.loc 1 226 5 is_stmt 0 view .LVU150
 513 0060 FFF7FEFF 		bl	HAL_GPIO_Init
 514              	.LVL24:
 515              		.loc 1 234 1 view .LVU151
 516 0064 D8E7     		b	.L24
 517              	.L29:
 518 0066 00BF     		.align	2
 519              	.L28:
 520 0068 00440040 		.word	1073759232
 521 006c 00000240 		.word	1073872896
ARM GAS  C:\Users\SOHUMD~1\AppData\Local\Temp\cc4drjc6.s 			page 16


 522              		.cfi_endproc
 523              	.LFE137:
 525              		.section	.text.HAL_UART_MspDeInit,"ax",%progbits
 526              		.align	1
 527              		.global	HAL_UART_MspDeInit
 528              		.syntax unified
 529              		.thumb
 530              		.thumb_func
 532              	HAL_UART_MspDeInit:
 533              	.LVL25:
 534              	.LFB138:
 235:Core/Src/stm32f4xx_hal_msp.c **** 
 236:Core/Src/stm32f4xx_hal_msp.c **** /**
 237:Core/Src/stm32f4xx_hal_msp.c ****   * @brief UART MSP De-Initialization
 238:Core/Src/stm32f4xx_hal_msp.c ****   * This function freeze the hardware resources used in this example
 239:Core/Src/stm32f4xx_hal_msp.c ****   * @param huart: UART handle pointer
 240:Core/Src/stm32f4xx_hal_msp.c ****   * @retval None
 241:Core/Src/stm32f4xx_hal_msp.c ****   */
 242:Core/Src/stm32f4xx_hal_msp.c **** void HAL_UART_MspDeInit(UART_HandleTypeDef* huart)
 243:Core/Src/stm32f4xx_hal_msp.c **** {
 535              		.loc 1 243 1 is_stmt 1 view -0
 536              		.cfi_startproc
 537              		@ args = 0, pretend = 0, frame = 0
 538              		@ frame_needed = 0, uses_anonymous_args = 0
 539              		.loc 1 243 1 is_stmt 0 view .LVU153
 540 0000 08B5     		push	{r3, lr}
 541              	.LCFI11:
 542              		.cfi_def_cfa_offset 8
 543              		.cfi_offset 3, -8
 544              		.cfi_offset 14, -4
 244:Core/Src/stm32f4xx_hal_msp.c ****   if(huart->Instance==USART2)
 545              		.loc 1 244 3 is_stmt 1 view .LVU154
 546              		.loc 1 244 11 is_stmt 0 view .LVU155
 547 0002 0268     		ldr	r2, [r0]
 548              		.loc 1 244 5 view .LVU156
 549 0004 064B     		ldr	r3, .L34
 550 0006 9A42     		cmp	r2, r3
 551 0008 00D0     		beq	.L33
 552              	.LVL26:
 553              	.L30:
 245:Core/Src/stm32f4xx_hal_msp.c ****   {
 246:Core/Src/stm32f4xx_hal_msp.c ****     /* USER CODE BEGIN USART2_MspDeInit 0 */
 247:Core/Src/stm32f4xx_hal_msp.c **** 
 248:Core/Src/stm32f4xx_hal_msp.c ****     /* USER CODE END USART2_MspDeInit 0 */
 249:Core/Src/stm32f4xx_hal_msp.c ****     /* Peripheral clock disable */
 250:Core/Src/stm32f4xx_hal_msp.c ****     __HAL_RCC_USART2_CLK_DISABLE();
 251:Core/Src/stm32f4xx_hal_msp.c **** 
 252:Core/Src/stm32f4xx_hal_msp.c ****     /**USART2 GPIO Configuration
 253:Core/Src/stm32f4xx_hal_msp.c ****     PA2     ------> USART2_TX
 254:Core/Src/stm32f4xx_hal_msp.c ****     PA3     ------> USART2_RX
 255:Core/Src/stm32f4xx_hal_msp.c ****     */
 256:Core/Src/stm32f4xx_hal_msp.c ****     HAL_GPIO_DeInit(GPIOA, GPIO_PIN_2|GPIO_PIN_3);
 257:Core/Src/stm32f4xx_hal_msp.c **** 
 258:Core/Src/stm32f4xx_hal_msp.c ****     /* USER CODE BEGIN USART2_MspDeInit 1 */
 259:Core/Src/stm32f4xx_hal_msp.c **** 
 260:Core/Src/stm32f4xx_hal_msp.c ****     /* USER CODE END USART2_MspDeInit 1 */
 261:Core/Src/stm32f4xx_hal_msp.c ****   }
ARM GAS  C:\Users\SOHUMD~1\AppData\Local\Temp\cc4drjc6.s 			page 17


 262:Core/Src/stm32f4xx_hal_msp.c **** 
 263:Core/Src/stm32f4xx_hal_msp.c **** }
 554              		.loc 1 263 1 view .LVU157
 555 000a 08BD     		pop	{r3, pc}
 556              	.LVL27:
 557              	.L33:
 250:Core/Src/stm32f4xx_hal_msp.c **** 
 558              		.loc 1 250 5 is_stmt 1 view .LVU158
 559 000c 054A     		ldr	r2, .L34+4
 560 000e 136C     		ldr	r3, [r2, #64]
 561 0010 23F40033 		bic	r3, r3, #131072
 562 0014 1364     		str	r3, [r2, #64]
 256:Core/Src/stm32f4xx_hal_msp.c **** 
 563              		.loc 1 256 5 view .LVU159
 564 0016 0C21     		movs	r1, #12
 565 0018 0348     		ldr	r0, .L34+8
 566              	.LVL28:
 256:Core/Src/stm32f4xx_hal_msp.c **** 
 567              		.loc 1 256 5 is_stmt 0 view .LVU160
 568 001a FFF7FEFF 		bl	HAL_GPIO_DeInit
 569              	.LVL29:
 570              		.loc 1 263 1 view .LVU161
 571 001e F4E7     		b	.L30
 572              	.L35:
 573              		.align	2
 574              	.L34:
 575 0020 00440040 		.word	1073759232
 576 0024 00380240 		.word	1073887232
 577 0028 00000240 		.word	1073872896
 578              		.cfi_endproc
 579              	.LFE138:
 581              		.text
 582              	.Letext0:
 583              		.file 2 "c:\\program files (x86)\\gnu arm embedded toolchain\\10 2021.10\\arm-none-eabi\\include\\
 584              		.file 3 "c:\\program files (x86)\\gnu arm embedded toolchain\\10 2021.10\\arm-none-eabi\\include\\
 585              		.file 4 "Drivers/CMSIS/Device/ST/STM32F4xx/Include/stm32f411xe.h"
 586              		.file 5 "Drivers/STM32F4xx_HAL_Driver/Inc/stm32f4xx_hal_def.h"
 587              		.file 6 "Drivers/STM32F4xx_HAL_Driver/Inc/stm32f4xx_hal_gpio.h"
 588              		.file 7 "Drivers/STM32F4xx_HAL_Driver/Inc/stm32f4xx_hal_dma.h"
 589              		.file 8 "Drivers/STM32F4xx_HAL_Driver/Inc/stm32f4xx_hal_spi.h"
 590              		.file 9 "Drivers/STM32F4xx_HAL_Driver/Inc/stm32f4xx_hal_uart.h"
 591              		.file 10 "Drivers/STM32F4xx_HAL_Driver/Inc/stm32f4xx_hal_cortex.h"
 592              		.file 11 "Core/Inc/main.h"
ARM GAS  C:\Users\SOHUMD~1\AppData\Local\Temp\cc4drjc6.s 			page 18


DEFINED SYMBOLS
                            *ABS*:00000000 stm32f4xx_hal_msp.c
C:\Users\SOHUMD~1\AppData\Local\Temp\cc4drjc6.s:20     .text.HAL_MspInit:00000000 $t
C:\Users\SOHUMD~1\AppData\Local\Temp\cc4drjc6.s:26     .text.HAL_MspInit:00000000 HAL_MspInit
C:\Users\SOHUMD~1\AppData\Local\Temp\cc4drjc6.s:80     .text.HAL_MspInit:00000034 $d
C:\Users\SOHUMD~1\AppData\Local\Temp\cc4drjc6.s:85     .text.HAL_SPI_MspInit:00000000 $t
C:\Users\SOHUMD~1\AppData\Local\Temp\cc4drjc6.s:91     .text.HAL_SPI_MspInit:00000000 HAL_SPI_MspInit
C:\Users\SOHUMD~1\AppData\Local\Temp\cc4drjc6.s:331    .text.HAL_SPI_MspInit:000000f8 $d
C:\Users\SOHUMD~1\AppData\Local\Temp\cc4drjc6.s:341    .text.HAL_SPI_MspDeInit:00000000 $t
C:\Users\SOHUMD~1\AppData\Local\Temp\cc4drjc6.s:347    .text.HAL_SPI_MspDeInit:00000000 HAL_SPI_MspDeInit
C:\Users\SOHUMD~1\AppData\Local\Temp\cc4drjc6.s:401    .text.HAL_SPI_MspDeInit:00000034 $d
C:\Users\SOHUMD~1\AppData\Local\Temp\cc4drjc6.s:408    .text.HAL_UART_MspInit:00000000 $t
C:\Users\SOHUMD~1\AppData\Local\Temp\cc4drjc6.s:414    .text.HAL_UART_MspInit:00000000 HAL_UART_MspInit
C:\Users\SOHUMD~1\AppData\Local\Temp\cc4drjc6.s:520    .text.HAL_UART_MspInit:00000068 $d
C:\Users\SOHUMD~1\AppData\Local\Temp\cc4drjc6.s:526    .text.HAL_UART_MspDeInit:00000000 $t
C:\Users\SOHUMD~1\AppData\Local\Temp\cc4drjc6.s:532    .text.HAL_UART_MspDeInit:00000000 HAL_UART_MspDeInit
C:\Users\SOHUMD~1\AppData\Local\Temp\cc4drjc6.s:575    .text.HAL_UART_MspDeInit:00000020 $d

UNDEFINED SYMBOLS
HAL_GPIO_Init
HAL_DMA_Init
HAL_NVIC_SetPriority
HAL_NVIC_EnableIRQ
Error_Handler
hdma_spi1_rx
hdma_spi1_tx
HAL_GPIO_DeInit
HAL_DMA_DeInit
HAL_NVIC_DisableIRQ
